Archive member included to satisfy reference by file (symbol)

D:\OPTO_PROJEKAT\Display STemWin\STemWinLib\Lib\libSTemWin532_CM7_GCC.a(WM_SetCreateFlags.o)
                              Src/main.o (WM_SetCreateFlags)
D:\OPTO_PROJEKAT\Display STemWin\STemWinLib\Lib\libSTemWin532_CM7_GCC.a(WM.o)
                              D:\OPTO_PROJEKAT\Display STemWin\STemWinLib\Lib\libSTemWin532_CM7_GCC.a(WM_SetCreateFlags.o) (WM__CreateFlags)
D:\OPTO_PROJEKAT\Display STemWin\STemWinLib\Lib\libSTemWin532_CM7_GCC.a(GUIDEV_StaticDevices.o)
                              D:\OPTO_PROJEKAT\Display STemWin\STemWinLib\Lib\libSTemWin532_CM7_GCC.a(WM.o) (GUI_MEMDEV_Paint1Static)
D:\OPTO_PROJEKAT\Display STemWin\STemWinLib\Lib\libSTemWin532_CM7_GCC.a(GUIDEV_SetOrg.o)
                              D:\OPTO_PROJEKAT\Display STemWin\STemWinLib\Lib\libSTemWin532_CM7_GCC.a(GUIDEV_StaticDevices.o) (GUI_MEMDEV_SetOrg)
D:\OPTO_PROJEKAT\Display STemWin\STemWinLib\Lib\libSTemWin532_CM7_GCC.a(GUIDEV_GetYSize.o)
                              D:\OPTO_PROJEKAT\Display STemWin\STemWinLib\Lib\libSTemWin532_CM7_GCC.a(GUIDEV_StaticDevices.o) (GUI_MEMDEV_GetYSize)
D:\OPTO_PROJEKAT\Display STemWin\STemWinLib\Lib\libSTemWin532_CM7_GCC.a(GUIDEV_GetXSize.o)
                              D:\OPTO_PROJEKAT\Display STemWin\STemWinLib\Lib\libSTemWin532_CM7_GCC.a(GUIDEV_StaticDevices.o) (GUI_MEMDEV_GetXSize)
D:\OPTO_PROJEKAT\Display STemWin\STemWinLib\Lib\libSTemWin532_CM7_GCC.a(GUIDEV_GetPos.o)
                              D:\OPTO_PROJEKAT\Display STemWin\STemWinLib\Lib\libSTemWin532_CM7_GCC.a(GUIDEV_StaticDevices.o) (GUI_MEMDEV_GetXPos)
D:\OPTO_PROJEKAT\Display STemWin\STemWinLib\Lib\libSTemWin532_CM7_GCC.a(GUIDEV_GetDataPtr.o)
                              D:\OPTO_PROJEKAT\Display STemWin\STemWinLib\Lib\libSTemWin532_CM7_GCC.a(GUIDEV_StaticDevices.o) (GUI_MEMDEV_GetDataPtr)
D:\OPTO_PROJEKAT\Display STemWin\STemWinLib\Lib\libSTemWin532_CM7_GCC.a(GUIDEV_CreateFixed.o)
                              D:\OPTO_PROJEKAT\Display STemWin\STemWinLib\Lib\libSTemWin532_CM7_GCC.a(GUIDEV_StaticDevices.o) (GUI_MEMDEV_CreateFixed)
D:\OPTO_PROJEKAT\Display STemWin\STemWinLib\Lib\libSTemWin532_CM7_GCC.a(GUIDEV_Banding.o)
                              D:\OPTO_PROJEKAT\Display STemWin\STemWinLib\Lib\libSTemWin532_CM7_GCC.a(WM.o) (GUI_MEMDEV_Draw)
D:\OPTO_PROJEKAT\Display STemWin\STemWinLib\Lib\libSTemWin532_CM7_GCC.a(GUIDEV_32.o)
                              D:\OPTO_PROJEKAT\Display STemWin\STemWinLib\Lib\libSTemWin532_CM7_GCC.a(GUIDEV_StaticDevices.o) (GUI_MEMDEV_DEVICE_32)
D:\OPTO_PROJEKAT\Display STemWin\STemWinLib\Lib\libSTemWin532_CM7_GCC.a(GUIDEV.o)
                              D:\OPTO_PROJEKAT\Display STemWin\STemWinLib\Lib\libSTemWin532_CM7_GCC.a(GUIDEV_StaticDevices.o) (GUI_MEMDEV__CreateFixed)
D:\OPTO_PROJEKAT\Display STemWin\STemWinLib\Lib\libSTemWin532_CM7_GCC.a(F6x8.o)
                              Src/GUIConf.o (GUI_Font6x8)
D:\OPTO_PROJEKAT\Display STemWin\STemWinLib\Lib\libSTemWin532_CM7_GCC.a(F20_1.o)
                              Src/main.o (GUI_Font20_1)
D:\OPTO_PROJEKAT\Display STemWin\STemWinLib\Lib\libSTemWin532_CM7_GCC.a(GUIDRV_FlexColor_Func66720.o)
                              Src/LCDConf.o (GUIDRV_FlexColor_SetFunc66720)
D:\OPTO_PROJEKAT\Display STemWin\STemWinLib\Lib\libSTemWin532_CM7_GCC.a(GUIDRV_FlexColor_16bpp_C0B16.o)
                              Src/LCDConf.o (GUIDRV_FlexColor_SetMode16bppC0B16)
D:\OPTO_PROJEKAT\Display STemWin\STemWinLib\Lib\libSTemWin532_CM7_GCC.a(GUIDRV_FlexColor.o)
                              D:\OPTO_PROJEKAT\Display STemWin\STemWinLib\Lib\libSTemWin532_CM7_GCC.a(GUIDRV_FlexColor_16bpp_C0B16.o) (GUIDRV_FlexColor__SetPixelIndexNoCache)
D:\OPTO_PROJEKAT\Display STemWin\STemWinLib\Lib\libSTemWin532_CM7_GCC.a(LCD_UpdateColorIndices.o)
                              D:\OPTO_PROJEKAT\Display STemWin\STemWinLib\Lib\libSTemWin532_CM7_GCC.a(GUIDEV.o) (LCD_UpdateColorIndices)
D:\OPTO_PROJEKAT\Display STemWin\STemWinLib\Lib\libSTemWin532_CM7_GCC.a(LCD_SetClipRectEx.o)
                              D:\OPTO_PROJEKAT\Display STemWin\STemWinLib\Lib\libSTemWin532_CM7_GCC.a(WM.o) (LCD_SetClipRectEx)
D:\OPTO_PROJEKAT\Display STemWin\STemWinLib\Lib\libSTemWin532_CM7_GCC.a(LCD_Set.o)
                              Src/LCDConf.o (LCD_SetVSizeEx)
D:\OPTO_PROJEKAT\Display STemWin\STemWinLib\Lib\libSTemWin532_CM7_GCC.a(LCD_Mirror.o)
                              D:\OPTO_PROJEKAT\Display STemWin\STemWinLib\Lib\libSTemWin532_CM7_GCC.a(GUIDEV_32.o) (LCD_aMirror)
D:\OPTO_PROJEKAT\Display STemWin\STemWinLib\Lib\libSTemWin532_CM7_GCC.a(LCD_GetEx.o)
                              D:\OPTO_PROJEKAT\Display STemWin\STemWinLib\Lib\libSTemWin532_CM7_GCC.a(GUIDEV_Banding.o) (LCD_GetXSizeEx)
D:\OPTO_PROJEKAT\Display STemWin\STemWinLib\Lib\libSTemWin532_CM7_GCC.a(LCD.o)
                              D:\OPTO_PROJEKAT\Display STemWin\STemWinLib\Lib\libSTemWin532_CM7_GCC.a(WM.o) (LCD_SetClipRectMax)
[...]
Memory Configuration

Name             Origin             Length             Attributes
RAM              0x20000000         0x00050000         xrw
FLASH            0x08000000         0x00100000         xr
*default*        0x00000000         0xffffffff

Linker script and memory map

LOAD d:/program files/workbench/plugins/fr.ac6.mcu.externaltools.arm-none.win32_1.17.0.201812190825/tools/compiler/bin/../lib/gcc/arm-none-eabi/7.3.1/thumb/v7e-m/fpv4-sp/hard/crti.o
LOAD d:/program files/workbench/plugins/fr.ac6.mcu.externaltools.arm-none.win32_1.17.0.201812190825/tools/compiler/bin/../lib/gcc/arm-none-eabi/7.3.1/thumb/v7e-m/fpv4-sp/hard/crtbegin.o
LOAD d:/program files/workbench/plugins/fr.ac6.mcu.externaltools.arm-none.win32_1.17.0.201812190825/tools/compiler/bin/../lib/gcc/arm-none-eabi/7.3.1/../../../../arm-none-eabi/lib/thumb/v7e-m/fpv4-sp/hard/crt0.o
LOAD Drivers/Hardware/Src/SSD1963.o
LOAD Drivers/Hardware/Src/STMPE610.o
LOAD Drivers/STM32F7xx_HAL_Driver/Src/stm32f7xx_hal.o
LOAD Drivers/STM32F7xx_HAL_Driver/Src/stm32f7xx_hal_cortex.o
LOAD Drivers/STM32F7xx_HAL_Driver/Src/stm32f7xx_hal_dma.o
LOAD Drivers/STM32F7xx_HAL_Driver/Src/stm32f7xx_hal_dma_ex.o
LOAD Drivers/STM32F7xx_HAL_Driver/Src/stm32f7xx_hal_flash.o
LOAD Drivers/STM32F7xx_HAL_Driver/Src/stm32f7xx_hal_flash_ex.o
LOAD Drivers/STM32F7xx_HAL_Driver/Src/stm32f7xx_hal_gpio.o
LOAD Drivers/STM32F7xx_HAL_Driver/Src/stm32f7xx_hal_i2c.o
LOAD Drivers/STM32F7xx_HAL_Driver/Src/stm32f7xx_hal_i2c_ex.o
LOAD Drivers/STM32F7xx_HAL_Driver/Src/stm32f7xx_hal_pcd.o
LOAD Drivers/STM32F7xx_HAL_Driver/Src/stm32f7xx_hal_pcd_ex.o
LOAD Drivers/STM32F7xx_HAL_Driver/Src/stm32f7xx_hal_pwr.o
LOAD Drivers/STM32F7xx_HAL_Driver/Src/stm32f7xx_hal_pwr_ex.o
LOAD Drivers/STM32F7xx_HAL_Driver/Src/stm32f7xx_hal_rcc.o
LOAD Drivers/STM32F7xx_HAL_Driver/Src/stm32f7xx_hal_rcc_ex.o
LOAD Drivers/STM32F7xx_HAL_Driver/Src/stm32f7xx_hal_tim.o
LOAD Drivers/STM32F7xx_HAL_Driver/Src/stm32f7xx_hal_tim_ex.o
LOAD Drivers/STM32F7xx_HAL_Driver/Src/stm32f7xx_hal_uart.o
LOAD Drivers/STM32F7xx_HAL_Driver/Src/stm32f7xx_ll_usb.o
LOAD Middlewares/ST/STM32_USB_Device_Library/Class/CDC/Src/usbd_cdc.o
LOAD Middlewares/ST/STM32_USB_Device_Library/Core/Src/usbd_core.o
LOAD Middlewares/ST/STM32_USB_Device_Library/Core/Src/usbd_ctlreq.o
LOAD Middlewares/ST/STM32_USB_Device_Library/Core/Src/usbd_ioreq.o
LOAD Src/GUIConf.o
LOAD Src/GUI_X.o
LOAD Src/LCDConf.o
LOAD Src/MLX90640_API.o
LOAD Src/MLX90640_I2C_Driver.o
LOAD Src/getcolor.o
LOAD Src/main.o
LOAD Src/stm32f7xx_hal_msp.o
LOAD Src/stm32f7xx_it.o
LOAD Src/system_stm32f7xx.o
LOAD Src/usb_device.o
LOAD Src/usbd_cdc_if.o
LOAD Src/usbd_conf.o
LOAD Src/usbd_desc.o
LOAD startup/startup_stm32f746xx.o
LOAD D:\OPTO_PROJEKAT\Display STemWin\STemWinLib\Lib\libSTemWin532_CM7_GCC.a
LOAD d:/program files/workbench/plugins/fr.ac6.mcu.externaltools.arm-none.win32_1.17.0.201812190825/tools/compiler/bin/../lib/gcc/arm-none-eabi/7.3.1/../../../../arm-none-eabi/lib/thumb/v7e-m/fpv4-sp/hard\libm.a
START GROUP
LOAD d:/program files/workbench/plugins/fr.ac6.mcu.externaltools.arm-none.win32_1.17.0.201812190825/tools/compiler/bin/../lib/gcc/arm-none-eabi/7.3.1/thumb/v7e-m/fpv4-sp/hard\libgcc.a
LOAD d:/program files/workbench/plugins/fr.ac6.mcu.externaltools.arm-none.win32_1.17.0.201812190825/tools/compiler/bin/../lib/gcc/arm-none-eabi/7.3.1/../../../../arm-none-eabi/lib/thumb/v7e-m/fpv4-sp/hard\libc_nano.a
END GROUP
START GROUP
LOAD d:/program files/workbench/plugins/fr.ac6.mcu.externaltools.arm-none.win32_1.17.0.201812190825/tools/compiler/bin/../lib/gcc/arm-none-eabi/7.3.1/thumb/v7e-m/fpv4-sp/hard\libgcc.a
LOAD d:/program files/workbench/plugins/fr.ac6.mcu.externaltools.arm-none.win32_1.17.0.201812190825/tools/compiler/bin/../lib/gcc/arm-none-eabi/7.3.1/../../../../arm-none-eabi/lib/thumb/v7e-m/fpv4-sp/hard\libc_nano.a
LOAD d:/program files/workbench/plugins/fr.ac6.mcu.externaltools.arm-none.win32_1.17.0.201812190825/tools/compiler/bin/../lib/gcc/arm-none-eabi/7.3.1/../../../../arm-none-eabi/lib/thumb/v7e-m/fpv4-sp/hard\libnosys.a
END GROUP
START GROUP
LOAD d:/program files/workbench/plugins/fr.ac6.mcu.externaltools.arm-none.win32_1.17.0.201812190825/tools/compiler/bin/../lib/gcc/arm-none-eabi/7.3.1/thumb/v7e-m/fpv4-sp/hard\libgcc.a
LOAD d:/program files/workbench/plugins/fr.ac6.mcu.externaltools.arm-none.win32_1.17.0.201812190825/tools/compiler/bin/../lib/gcc/arm-none-eabi/7.3.1/../../../../arm-none-eabi/lib/thumb/v7e-m/fpv4-sp/hard\libc_nano.a
LOAD d:/program files/workbench/plugins/fr.ac6.mcu.externaltools.arm-none.win32_1.17.0.201812190825/tools/compiler/bin/../lib/gcc/arm-none-eabi/7.3.1/../../../../arm-none-eabi/lib/thumb/v7e-m/fpv4-sp/hard\libnosys.a
END GROUP
LOAD d:/program files/workbench/plugins/fr.ac6.mcu.externaltools.arm-none.win32_1.17.0.201812190825/tools/compiler/bin/../lib/gcc/arm-none-eabi/7.3.1/thumb/v7e-m/fpv4-sp/hard/crtend.o
LOAD d:/program files/workbench/plugins/fr.ac6.mcu.externaltools.arm-none.win32_1.17.0.201812190825/tools/compiler/bin/../lib/gcc/arm-none-eabi/7.3.1/thumb/v7e-m/fpv4-sp/hard/crtn.o
                0x20050000                _estack = 0x20050000
                0x00000200                _Min_Heap_Size = 0x200
                0x00000400                _Min_Stack_Size = 0x400

.isr_vector     0x08000000      0x1c8
                0x08000000                . = ALIGN (0x4)
 *(.isr_vector)
 .isr_vector    0x08000000      0x1c8 startup/startup_stm32f746xx.o
                0x08000000                g_pfnVectors
                0x080001c8                . = ALIGN (0x4)

.text           0x080001d0     0xeae0
                0x080001d0                . = ALIGN (0x4)
 *(.text)
 .text          0x080001d0       0x40 d:/program files/workbench/plugins/fr.ac6.mcu.externaltools.arm-none.win32_1.17.0.201812190825/tools/compiler/bin/../lib/gcc/arm-none-eabi/7.3.1/thumb/v7e-m/fpv4-sp/hard/crtbegin.o
 .text          0x08000210      0x378 d:/program files/workbench/plugins/fr.ac6.mcu.externaltools.arm-none.win32_1.17.0.201812190825/tools/compiler/bin/../lib/gcc/arm-none-eabi/7.3.1/thumb/v7e-m/fpv4-sp/hard\libgcc.a(_arm_addsubdf3.o)
                0x08000210                __aeabi_drsub
                0x08000218                __aeabi_dsub
                0x08000218                __subdf3
                0x0800021c                __aeabi_dadd
                0x0800021c                __adddf3
                0x08000494                __floatunsidf
                0x08000494                __aeabi_ui2d
                0x080004b4                __floatsidf
                0x080004b4                __aeabi_i2d
                0x080004d8                __aeabi_f2d
                0x080004d8                __extendsfdf2
                0x0800051c                __floatundidf
                0x0800051c                __aeabi_ul2d
                0x0800052c                __floatdidf
                0x0800052c                __aeabi_l2d
 .text          0x08000588      0x424 d:/program files/workbench/plugins/fr.ac6.mcu.externaltools.arm-none.win32_1.17.0.201812190825/tools/compiler/bin/../lib/gcc/arm-none-eabi/7.3.1/thumb/v7e-m/fpv4-sp/hard\libgcc.a(_arm_muldivdf3.o)
                0x08000588                __aeabi_dmul
                0x08000588                __muldf3
                0x080007dc                __divdf3
                0x080007dc                __aeabi_ddiv
 .text          0x080009ac      0x110 d:/program files/workbench/plugins/fr.ac6.mcu.externaltools.arm-none.win32_1.17.0.201812190825/tools/compiler/bin/../lib/gcc/arm-none-eabi/7.3.1/thumb/v7e-m/fpv4-sp/hard\libgcc.a(_arm_cmpdf2.o)
                0x080009ac                __gtdf2
                0x080009ac                __gedf2
                0x080009b4                __ltdf2
                0x080009b4                __ledf2
                0x080009bc                __nedf2
                0x080009bc                __eqdf2
                0x080009bc                __cmpdf2
                0x08000a38                __aeabi_cdrcmple
                0x08000a48                __aeabi_cdcmpeq
                0x08000a48                __aeabi_cdcmple
                0x08000a58                __aeabi_dcmpeq
                0x08000a6c                __aeabi_dcmplt
                0x08000a80                __aeabi_dcmple
                0x08000a94                __aeabi_dcmpge
                0x08000aa8                __aeabi_dcmpgt
 .text          0x08000abc       0x2c d:/program files/workbench/plugins/fr.ac6.mcu.externaltools.arm-none.win32_1.17.0.201812190825/tools/compiler/bin/../lib/gcc/arm-none-eabi/7.3.1/thumb/v7e-m/fpv4-sp/hard\libgcc.a(_arm_unorddf2.o)
                0x08000abc                __unorddf2
                0x08000abc                __aeabi_dcmpun
 .text          0x08000ae8       0x40 d:/program files/workbench/plugins/fr.ac6.mcu.externaltools.arm-none.win32_1.17.0.201812190825/tools/compiler/bin/../lib/gcc/arm-none-eabi/7.3.1/thumb/v7e-m/fpv4-sp/hard\libgcc.a(_arm_fixunsdfsi.o)
                0x08000ae8                __aeabi_d2uiz
                0x08000ae8                __fixunsdfsi
 .text          0x08000b28       0xa0 d:/program files/workbench/plugins/fr.ac6.mcu.externaltools.arm-none.win32_1.17.0.201812190825/tools/compiler/bin/../lib/gcc/arm-none-eabi/7.3.1/thumb/v7e-m/fpv4-sp/hard\libgcc.a(_arm_truncdfsf2.o)
                0x08000b28                __truncdfsf2
                0x08000b28                __aeabi_d2f
 .text          0x08000bc8       0x30 d:/program files/workbench/plugins/fr.ac6.mcu.externaltools.arm-none.win32_1.17.0.201812190825/tools/compiler/bin/../lib/gcc/arm-none-eabi/7.3.1/thumb/v7e-m/fpv4-sp/hard\libgcc.a(_aeabi_uldivmod.o)
                0x08000bc8                __aeabi_uldivmod
 .text          0x08000bf8      0x2cc d:/program files/workbench/plugins/fr.ac6.mcu.externaltools.arm-none.win32_1.17.0.201812190825/tools/compiler/bin/../lib/gcc/arm-none-eabi/7.3.1/thumb/v7e-m/fpv4-sp/hard\libgcc.a(_udivmoddi4.o)
                0x08000bf8                __udivmoddi4
 .text          0x08000ec4        0x4 d:/program files/workbench/plugins/fr.ac6.mcu.externaltools.arm-none.win32_1.17.0.201812190825/tools/compiler/bin/../lib/gcc/arm-none-eabi/7.3.1/thumb/v7e-m/fpv4-sp/hard\libgcc.a(_dvmd_tls.o)
                0x08000ec4                __aeabi_idiv0
                0x08000ec4                __aeabi_ldiv0
 *fill*         0x08000ec8        0x8 
 .text          0x08000ed0       0xa0 d:/program files/workbench/plugins/fr.ac6.mcu.externaltools.arm-none.win32_1.17.0.201812190825/tools/compiler/bin/../lib/gcc/arm-none-eabi/7.3.1/../../../../arm-none-eabi/lib/thumb/v7e-m/fpv4-sp/hard\libc_nano.a(lib_a-memchr.o)
                0x08000ed0                memchr
 *(.text*)
 .text.Init_LCD_GPIO
                0x08000f70       0xf0 Drivers/Hardware/Src/SSD1963.o
                0x08000f70                Init_LCD_GPIO
 .text.SSD1963_WriteCommand
                0x08001060       0x58 Drivers/Hardware/Src/SSD1963.o
                0x08001060                SSD1963_WriteCommand
 .text.SSD1963_WriteData
                0x080010b8       0x58 Drivers/Hardware/Src/SSD1963.o
                0x080010b8                SSD1963_WriteData
 .text.SSD1963_WriteDataMultiple
                0x08001110       0x18 Drivers/Hardware/Src/SSD1963.o
                0x08001110                SSD1963_WriteDataMultiple
 .text.SSD1963_Init
                0x08001128      0x158 Drivers/Hardware/Src/SSD1963.o
                0x08001128                SSD1963_Init
 .text.SSD1963_SetArea
                0x08001280       0x48 Drivers/Hardware/Src/SSD1963.o
                0x08001280                SSD1963_SetArea
 .text.SSD1963_FillArea
                0x080012c8       0x3c Drivers/Hardware/Src/SSD1963.o
                0x080012c8                SSD1963_FillArea
 .text.Init_TOUCH_GPIO
                0x08001304       0x24 Drivers/Hardware/Src/STMPE610.o
                0x08001304                Init_TOUCH_GPIO
 .text.STMPE610_Write
                0x08001328       0x2c Drivers/Hardware/Src/STMPE610.o
                0x08001328                STMPE610_Write
 .text.STMPE610_Init
                0x08001354       0x90 Drivers/Hardware/Src/STMPE610.o
                0x08001354                STMPE610_Init
 .text.HAL_InitTick
                0x080013e4       0x48 Drivers/STM32F7xx_HAL_Driver/Src/stm32f7xx_hal.o
                0x080013e4                HAL_InitTick
 .text.HAL_Init
                0x0800142c       0x16 Drivers/STM32F7xx_HAL_Driver/Src/stm32f7xx_hal.o
                0x0800142c                HAL_Init
 *fill*         0x08001442        0x2 
 .text.HAL_IncTick
                0x08001444       0x18 Drivers/STM32F7xx_HAL_Driver/Src/stm32f7xx_hal.o
                0x08001444                HAL_IncTick
 .text.HAL_GetTick
                0x0800145c        0xc Drivers/STM32F7xx_HAL_Driver/Src/stm32f7xx_hal.o
                0x0800145c                HAL_GetTick
 .text.HAL_Delay
                0x08001468       0x28 Drivers/STM32F7xx_HAL_Driver/Src/stm32f7xx_hal.o
                0x08001468                HAL_Delay
 .text.HAL_NVIC_SetPriorityGrouping
                0x08001490       0x24 Drivers/STM32F7xx_HAL_Driver/Src/stm32f7xx_hal_cortex.o
                0x08001490                HAL_NVIC_SetPriorityGrouping
 .text.HAL_NVIC_SetPriority
                0x080014b4       0x64 Drivers/STM32F7xx_HAL_Driver/Src/stm32f7xx_hal_cortex.o
                0x080014b4                HAL_NVIC_SetPriority
 .text.HAL_NVIC_EnableIRQ
                0x08001518       0x18 Drivers/STM32F7xx_HAL_Driver/Src/stm32f7xx_hal_cortex.o
                0x08001518                HAL_NVIC_EnableIRQ
 .text.HAL_SYSTICK_Config
                0x08001530       0x2c Drivers/STM32F7xx_HAL_Driver/Src/stm32f7xx_hal_cortex.o
                0x08001530                HAL_SYSTICK_Config
 .text.HAL_SYSTICK_CLKSourceConfig
                0x0800155c       0x20 Drivers/STM32F7xx_HAL_Driver/Src/stm32f7xx_hal_cortex.o
                0x0800155c                HAL_SYSTICK_CLKSourceConfig
 .text.HAL_SYSTICK_IRQHandler
                0x0800157c        0x8 Drivers/STM32F7xx_HAL_Driver/Src/stm32f7xx_hal_cortex.o
                0x0800157c                HAL_SYSTICK_IRQHandler
 .text.HAL_GPIO_Init
                0x08001584      0x1e0 Drivers/STM32F7xx_HAL_Driver/Src/stm32f7xx_hal_gpio.o
                0x08001584                HAL_GPIO_Init
 .text.HAL_GPIO_WritePin
                0x08001764        0xc Drivers/STM32F7xx_HAL_Driver/Src/stm32f7xx_hal_gpio.o
                0x08001764                HAL_GPIO_WritePin
 .text.I2C_Flush_TXDR
                0x08001770       0x22 Drivers/STM32F7xx_HAL_Driver/Src/stm32f7xx_hal_i2c.o
 .text.I2C_TransferConfig
                0x08001792       0x36 Drivers/STM32F7xx_HAL_Driver/Src/stm32f7xx_hal_i2c.o
 .text.I2C_IsAcknowledgeFailed
                0x080017c8       0x82 Drivers/STM32F7xx_HAL_Driver/Src/stm32f7xx_hal_i2c.o
 .text.I2C_WaitOnTXISFlagUntilTimeout
                0x0800184a       0x54 Drivers/STM32F7xx_HAL_Driver/Src/stm32f7xx_hal_i2c.o
 .text.I2C_WaitOnFlagUntilTimeout
                0x0800189e       0x48 Drivers/STM32F7xx_HAL_Driver/Src/stm32f7xx_hal_i2c.o
 *fill*         0x080018e6        0x2 
 .text.I2C_RequestMemoryWrite
                0x080018e8       0x88 Drivers/STM32F7xx_HAL_Driver/Src/stm32f7xx_hal_i2c.o
 .text.I2C_RequestMemoryRead
                0x08001970       0x84 Drivers/STM32F7xx_HAL_Driver/Src/stm32f7xx_hal_i2c.o
 .text.I2C_WaitOnSTOPFlagUntilTimeout
                0x080019f4       0x4e Drivers/STM32F7xx_HAL_Driver/Src/stm32f7xx_hal_i2c.o
 *fill*         0x08001a42        0x2 
 .text.HAL_I2C_Init
                0x08001a44       0xbc Drivers/STM32F7xx_HAL_Driver/Src/stm32f7xx_hal_i2c.o
                0x08001a44                HAL_I2C_Init
 .text.HAL_I2C_Master_Transmit
                0x08001b00      0x190 Drivers/STM32F7xx_HAL_Driver/Src/stm32f7xx_hal_i2c.o
                0x08001b00                HAL_I2C_Master_Transmit
 .text.HAL_I2C_Mem_Write
                0x08001c90      0x1d4 Drivers/STM32F7xx_HAL_Driver/Src/stm32f7xx_hal_i2c.o
                0x08001c90                HAL_I2C_Mem_Write
 .text.HAL_I2C_Mem_Read
                0x08001e64      0x1d4 Drivers/STM32F7xx_HAL_Driver/Src/stm32f7xx_hal_i2c.o
                0x08001e64                HAL_I2C_Mem_Read
 .text.HAL_I2CEx_ConfigAnalogFilter
                0x08002038       0x5c Drivers/STM32F7xx_HAL_Driver/Src/stm32f7xx_hal_i2c_ex.o
                0x08002038                HAL_I2CEx_ConfigAnalogFilter
 .text.HAL_I2CEx_ConfigDigitalFilter
                0x08002094       0x58 Drivers/STM32F7xx_HAL_Driver/Src/stm32f7xx_hal_i2c_ex.o
                0x08002094                HAL_I2CEx_ConfigDigitalFilter
 .text.PCD_WriteEmptyTxFifo
                0x080020ec       0xac Drivers/STM32F7xx_HAL_Driver/Src/stm32f7xx_hal_pcd.o
 .text.HAL_PCD_Init
                0x08002198      0x104 Drivers/STM32F7xx_HAL_Driver/Src/stm32f7xx_hal_pcd.o
                0x08002198                HAL_PCD_Init
 .text.HAL_PCD_Start
                0x0800229c       0x2a Drivers/STM32F7xx_HAL_Driver/Src/stm32f7xx_hal_pcd.o
                0x0800229c                HAL_PCD_Start
 *fill*         0x080022c6        0x2 
 .text.HAL_PCD_IRQHandler
                0x080022c8      0x6d0 Drivers/STM32F7xx_HAL_Driver/Src/stm32f7xx_hal_pcd.o
                0x080022c8                HAL_PCD_IRQHandler
 .text.HAL_PCD_SetAddress
                0x08002998       0x28 Drivers/STM32F7xx_HAL_Driver/Src/stm32f7xx_hal_pcd.o
                0x08002998                HAL_PCD_SetAddress
 .text.HAL_PCD_EP_Open
                0x080029c0       0x82 Drivers/STM32F7xx_HAL_Driver/Src/stm32f7xx_hal_pcd.o
                0x080029c0                HAL_PCD_EP_Open
 .text.HAL_PCD_EP_Close
                0x08002a42       0x6e Drivers/STM32F7xx_HAL_Driver/Src/stm32f7xx_hal_pcd.o
                0x08002a42                HAL_PCD_EP_Close
 .text.HAL_PCD_EP_Receive
                0x08002ab0       0x5c Drivers/STM32F7xx_HAL_Driver/Src/stm32f7xx_hal_pcd.o
                0x08002ab0                HAL_PCD_EP_Receive
 .text.HAL_PCD_EP_GetRxCount
                0x08002b0c       0x12 Drivers/STM32F7xx_HAL_Driver/Src/stm32f7xx_hal_pcd.o
                0x08002b0c                HAL_PCD_EP_GetRxCount
 .text.HAL_PCD_EP_Transmit
                0x08002b1e       0x54 Drivers/STM32F7xx_HAL_Driver/Src/stm32f7xx_hal_pcd.o
                0x08002b1e                HAL_PCD_EP_Transmit
 .text.HAL_PCD_EP_SetStall
                0x08002b72       0x82 Drivers/STM32F7xx_HAL_Driver/Src/stm32f7xx_hal_pcd.o
                0x08002b72                HAL_PCD_EP_SetStall
 .text.HAL_PCD_EP_ClrStall
                0x08002bf4       0x6e Drivers/STM32F7xx_HAL_Driver/Src/stm32f7xx_hal_pcd.o
                0x08002bf4                HAL_PCD_EP_ClrStall
 .text.HAL_PCDEx_SetTxFiFo
                0x08002c62       0x48 Drivers/STM32F7xx_HAL_Driver/Src/stm32f7xx_hal_pcd_ex.o
                0x08002c62                HAL_PCDEx_SetTxFiFo
 .text.HAL_PCDEx_SetRxFiFo
                0x08002caa        0x8 Drivers/STM32F7xx_HAL_Driver/Src/stm32f7xx_hal_pcd_ex.o
                0x08002caa                HAL_PCDEx_SetRxFiFo
 *fill*         0x08002cb2        0x2 
 .text.HAL_PCDEx_ActivateLPM
                0x08002cb4       0x28 Drivers/STM32F7xx_HAL_Driver/Src/stm32f7xx_hal_pcd_ex.o
                0x08002cb4                HAL_PCDEx_ActivateLPM
 .text.HAL_RCC_OscConfig
                0x08002cdc      0x3d4 Drivers/STM32F7xx_HAL_Driver/Src/stm32f7xx_hal_rcc.o
                0x08002cdc                HAL_RCC_OscConfig
 .text.HAL_RCC_GetSysClockFreq
                0x080030b0       0xa8 Drivers/STM32F7xx_HAL_Driver/Src/stm32f7xx_hal_rcc.o
                0x080030b0                HAL_RCC_GetSysClockFreq
 .text.HAL_RCC_ClockConfig
                0x08003158      0x164 Drivers/STM32F7xx_HAL_Driver/Src/stm32f7xx_hal_rcc.o
                0x08003158                HAL_RCC_ClockConfig
 .text.HAL_RCC_GetHCLKFreq
                0x080032bc        0xc Drivers/STM32F7xx_HAL_Driver/Src/stm32f7xx_hal_rcc.o
                0x080032bc                HAL_RCC_GetHCLKFreq
 .text.HAL_RCCEx_PeriphCLKConfig
                0x080032c8      0x5ac Drivers/STM32F7xx_HAL_Driver/Src/stm32f7xx_hal_rcc_ex.o
                0x080032c8                HAL_RCCEx_PeriphCLKConfig
 .text.USB_CoreReset
                0x08003874       0x3c Drivers/STM32F7xx_HAL_Driver/Src/stm32f7xx_ll_usb.o
 .text.USB_CoreInit
                0x080038b0       0x7c Drivers/STM32F7xx_HAL_Driver/Src/stm32f7xx_ll_usb.o
                0x080038b0                USB_CoreInit
 .text.USB_EnableGlobalInt
                0x0800392c        0xc Drivers/STM32F7xx_HAL_Driver/Src/stm32f7xx_ll_usb.o
                0x0800392c                USB_EnableGlobalInt
 .text.USB_DisableGlobalInt
                0x08003938        0xc Drivers/STM32F7xx_HAL_Driver/Src/stm32f7xx_ll_usb.o
                0x08003938                USB_DisableGlobalInt
 .text.USB_SetCurrentMode
                0x08003944       0x30 Drivers/STM32F7xx_HAL_Driver/Src/stm32f7xx_ll_usb.o
                0x08003944                USB_SetCurrentMode
 .text.USB_FlushTxFifo
                0x08003974       0x28 Drivers/STM32F7xx_HAL_Driver/Src/stm32f7xx_ll_usb.o
                0x08003974                USB_FlushTxFifo
 .text.USB_FlushRxFifo
                0x0800399c       0x24 Drivers/STM32F7xx_HAL_Driver/Src/stm32f7xx_ll_usb.o
                0x0800399c                USB_FlushRxFifo
 .text.USB_SetDevSpeed
                0x080039c0        0xe Drivers/STM32F7xx_HAL_Driver/Src/stm32f7xx_ll_usb.o
                0x080039c0                USB_SetDevSpeed
 *fill*         0x080039ce        0x2 
 .text.USB_DevInit
                0x080039d0      0x1a4 Drivers/STM32F7xx_HAL_Driver/Src/stm32f7xx_ll_usb.o
                0x080039d0                USB_DevInit
 .text.USB_GetDevSpeed
                0x08003b74       0x26 Drivers/STM32F7xx_HAL_Driver/Src/stm32f7xx_ll_usb.o
                0x08003b74                USB_GetDevSpeed
 *fill*         0x08003b9a        0x2 
 .text.USB_ActivateEndpoint
                0x08003b9c       0x90 Drivers/STM32F7xx_HAL_Driver/Src/stm32f7xx_ll_usb.o
                0x08003b9c                USB_ActivateEndpoint
 .text.USB_DeactivateEndpoint
                0x08003c2c       0x90 Drivers/STM32F7xx_HAL_Driver/Src/stm32f7xx_ll_usb.o
                0x08003c2c                USB_DeactivateEndpoint
 .text.USB_EP0StartXfer
                0x08003cbc      0x100 Drivers/STM32F7xx_HAL_Driver/Src/stm32f7xx_ll_usb.o
                0x08003cbc                USB_EP0StartXfer
 .text.USB_WritePacket
                0x08003dbc       0x28 Drivers/STM32F7xx_HAL_Driver/Src/stm32f7xx_ll_usb.o
                0x08003dbc                USB_WritePacket
 .text.USB_EPStartXfer
                0x08003de4      0x1e0 Drivers/STM32F7xx_HAL_Driver/Src/stm32f7xx_ll_usb.o
                0x08003de4                USB_EPStartXfer
 .text.USB_ReadPacket
                0x08003fc4       0x28 Drivers/STM32F7xx_HAL_Driver/Src/stm32f7xx_ll_usb.o
                0x08003fc4                USB_ReadPacket
 .text.USB_EPSetStall
                0x08003fec       0x5a Drivers/STM32F7xx_HAL_Driver/Src/stm32f7xx_ll_usb.o
                0x08003fec                USB_EPSetStall
 .text.USB_EPClearStall
                0x08004046       0x5c Drivers/STM32F7xx_HAL_Driver/Src/stm32f7xx_ll_usb.o
                0x08004046                USB_EPClearStall
 .text.USB_SetDevAddress
                0x080040a2       0x20 Drivers/STM32F7xx_HAL_Driver/Src/stm32f7xx_ll_usb.o
                0x080040a2                USB_SetDevAddress
 .text.USB_DevConnect
                0x080040c2       0x18 Drivers/STM32F7xx_HAL_Driver/Src/stm32f7xx_ll_usb.o
                0x080040c2                USB_DevConnect
 .text.USB_DevDisconnect
                0x080040da       0x18 Drivers/STM32F7xx_HAL_Driver/Src/stm32f7xx_ll_usb.o
                0x080040da                USB_DevDisconnect
 .text.USB_ReadInterrupts
                0x080040f2        0x8 Drivers/STM32F7xx_HAL_Driver/Src/stm32f7xx_ll_usb.o
                0x080040f2                USB_ReadInterrupts
 .text.USB_ReadDevAllOutEpInterrupt
                0x080040fa       0x10 Drivers/STM32F7xx_HAL_Driver/Src/stm32f7xx_ll_usb.o
                0x080040fa                USB_ReadDevAllOutEpInterrupt
 .text.USB_ReadDevAllInEpInterrupt
                0x0800410a       0x10 Drivers/STM32F7xx_HAL_Driver/Src/stm32f7xx_ll_usb.o
                0x0800410a                USB_ReadDevAllInEpInterrupt
 .text.USB_ReadDevOutEPInterrupt
                0x0800411a       0x12 Drivers/STM32F7xx_HAL_Driver/Src/stm32f7xx_ll_usb.o
                0x0800411a                USB_ReadDevOutEPInterrupt
 .text.USB_ReadDevInEPInterrupt
                0x0800412c       0x28 Drivers/STM32F7xx_HAL_Driver/Src/stm32f7xx_ll_usb.o
                0x0800412c                USB_ReadDevInEPInterrupt
 .text.USB_GetMode
                0x08004154        0x8 Drivers/STM32F7xx_HAL_Driver/Src/stm32f7xx_ll_usb.o
                0x08004154                USB_GetMode
 .text.USB_ActivateSetup
                0x0800415c       0x38 Drivers/STM32F7xx_HAL_Driver/Src/stm32f7xx_ll_usb.o
                0x0800415c                USB_ActivateSetup
 .text.USB_EP0_OutStart
                0x08004194       0x46 Drivers/STM32F7xx_HAL_Driver/Src/stm32f7xx_ll_usb.o
                0x08004194                USB_EP0_OutStart
 .text.USBD_CDC_EP0_RxReady
                0x080041da       0x28 Middlewares/ST/STM32_USB_Device_Library/Class/CDC/Src/usbd_cdc.o
 *fill*         0x08004202        0x2 
 .text.USBD_CDC_GetFSCfgDesc
                0x08004204        0xc Middlewares/ST/STM32_USB_Device_Library/Class/CDC/Src/usbd_cdc.o
 .text.USBD_CDC_GetHSCfgDesc
                0x08004210        0xc Middlewares/ST/STM32_USB_Device_Library/Class/CDC/Src/usbd_cdc.o
 .text.USBD_CDC_GetOtherSpeedCfgDesc
                0x0800421c        0xc Middlewares/ST/STM32_USB_Device_Library/Class/CDC/Src/usbd_cdc.o
 .text.USBD_CDC_GetDeviceQualifierDescriptor
                0x08004228        0xc Middlewares/ST/STM32_USB_Device_Library/Class/CDC/Src/usbd_cdc.o
                0x08004228                USBD_CDC_GetDeviceQualifierDescriptor
 .text.USBD_CDC_DataOut
                0x08004234       0x2e Middlewares/ST/STM32_USB_Device_Library/Class/CDC/Src/usbd_cdc.o
 .text.USBD_CDC_DataIn
                0x08004262       0x50 Middlewares/ST/STM32_USB_Device_Library/Class/CDC/Src/usbd_cdc.o
 .text.USBD_CDC_Setup
                0x080042b2       0xda Middlewares/ST/STM32_USB_Device_Library/Class/CDC/Src/usbd_cdc.o
 .text.USBD_CDC_DeInit
                0x0800438c       0x42 Middlewares/ST/STM32_USB_Device_Library/Class/CDC/Src/usbd_cdc.o
 .text.USBD_CDC_Init
                0x080043ce       0xaa Middlewares/ST/STM32_USB_Device_Library/Class/CDC/Src/usbd_cdc.o
 .text.USBD_CDC_RegisterInterface
                0x08004478        0xe Middlewares/ST/STM32_USB_Device_Library/Class/CDC/Src/usbd_cdc.o
                0x08004478                USBD_CDC_RegisterInterface
 .text.USBD_CDC_SetTxBuffer
                0x08004486       0x10 Middlewares/ST/STM32_USB_Device_Library/Class/CDC/Src/usbd_cdc.o
                0x08004486                USBD_CDC_SetTxBuffer
 .text.USBD_CDC_SetRxBuffer
                0x08004496        0xc Middlewares/ST/STM32_USB_Device_Library/Class/CDC/Src/usbd_cdc.o
                0x08004496                USBD_CDC_SetRxBuffer
 .text.USBD_CDC_ReceivePacket
                0x080044a2       0x32 Middlewares/ST/STM32_USB_Device_Library/Class/CDC/Src/usbd_cdc.o
                0x080044a2                USBD_CDC_ReceivePacket
 .text.USBD_Init
                0x080044d4       0x2e Middlewares/ST/STM32_USB_Device_Library/Core/Src/usbd_core.o
                0x080044d4                USBD_Init
 .text.USBD_RegisterClass
                0x08004502        0xe Middlewares/ST/STM32_USB_Device_Library/Core/Src/usbd_core.o
                0x08004502                USBD_RegisterClass
 .text.USBD_Start
                0x08004510        0xa Middlewares/ST/STM32_USB_Device_Library/Core/Src/usbd_core.o
                0x08004510                USBD_Start
 .text.USBD_SetClassConfig
                0x0800451a       0x1a Middlewares/ST/STM32_USB_Device_Library/Core/Src/usbd_core.o
                0x0800451a                USBD_SetClassConfig
 .text.USBD_ClrClassConfig
                0x08004534        0xe Middlewares/ST/STM32_USB_Device_Library/Core/Src/usbd_core.o
                0x08004534                USBD_ClrClassConfig
 .text.USBD_LL_SetupStage
                0x08004542       0x5a Middlewares/ST/STM32_USB_Device_Library/Core/Src/usbd_core.o
                0x08004542                USBD_LL_SetupStage
 .text.USBD_LL_DataOutStage
                0x0800459c       0x8c Middlewares/ST/STM32_USB_Device_Library/Core/Src/usbd_core.o
                0x0800459c                USBD_LL_DataOutStage
 .text.USBD_LL_DataInStage
                0x08004628       0xd6 Middlewares/ST/STM32_USB_Device_Library/Core/Src/usbd_core.o
                0x08004628                USBD_LL_DataInStage
 .text.USBD_LL_Reset
                0x080046fe       0x50 Middlewares/ST/STM32_USB_Device_Library/Core/Src/usbd_core.o
                0x080046fe                USBD_LL_Reset
 .text.USBD_LL_SetSpeed
                0x0800474e        0x6 Middlewares/ST/STM32_USB_Device_Library/Core/Src/usbd_core.o
                0x0800474e                USBD_LL_SetSpeed
 .text.USBD_LL_Suspend
                0x08004754       0x12 Middlewares/ST/STM32_USB_Device_Library/Core/Src/usbd_core.o
                0x08004754                USBD_LL_Suspend
 .text.USBD_LL_Resume
                0x08004766        0xc Middlewares/ST/STM32_USB_Device_Library/Core/Src/usbd_core.o
                0x08004766                USBD_LL_Resume
 .text.USBD_LL_SOF
                0x08004772       0x1c Middlewares/ST/STM32_USB_Device_Library/Core/Src/usbd_core.o
                0x08004772                USBD_LL_SOF
 .text.USBD_LL_IsoINIncomplete
                0x0800478e        0x4 Middlewares/ST/STM32_USB_Device_Library/Core/Src/usbd_core.o
                0x0800478e                USBD_LL_IsoINIncomplete
 .text.USBD_LL_IsoOUTIncomplete
                0x08004792        0x4 Middlewares/ST/STM32_USB_Device_Library/Core/Src/usbd_core.o
                0x08004792                USBD_LL_IsoOUTIncomplete
 .text.USBD_LL_DevConnected
                0x08004796        0x4 Middlewares/ST/STM32_USB_Device_Library/Core/Src/usbd_core.o
                0x08004796                USBD_LL_DevConnected
 .text.USBD_LL_DevDisconnected
                0x0800479a       0x16 Middlewares/ST/STM32_USB_Device_Library/Core/Src/usbd_core.o
                0x0800479a                USBD_LL_DevDisconnected
 .text.USBD_GetLen
                0x080047b0       0x14 Middlewares/ST/STM32_USB_Device_Library/Core/Src/usbd_ctlreq.o
 .text.USBD_SetFeature
                0x080047c4       0x14 Middlewares/ST/STM32_USB_Device_Library/Core/Src/usbd_ctlreq.o
 .text.USBD_ParseSetupRequest
                0x080047d8       0x28 Middlewares/ST/STM32_USB_Device_Library/Core/Src/usbd_ctlreq.o
                0x080047d8                USBD_ParseSetupRequest
 .text.USBD_CtlError
                0x08004800       0x14 Middlewares/ST/STM32_USB_Device_Library/Core/Src/usbd_ctlreq.o
                0x08004800                USBD_CtlError
 .text.USBD_GetDescriptor
                0x08004814      0x15a Middlewares/ST/STM32_USB_Device_Library/Core/Src/usbd_ctlreq.o
 .text.USBD_SetAddress
                0x0800496e       0x4e Middlewares/ST/STM32_USB_Device_Library/Core/Src/usbd_ctlreq.o
 .text.USBD_SetConfig
                0x080049bc       0xb0 Middlewares/ST/STM32_USB_Device_Library/Core/Src/usbd_ctlreq.o
 .text.USBD_GetConfig
                0x08004a6c       0x3c Middlewares/ST/STM32_USB_Device_Library/Core/Src/usbd_ctlreq.o
 .text.USBD_GetStatus
                0x08004aa8       0x38 Middlewares/ST/STM32_USB_Device_Library/Core/Src/usbd_ctlreq.o
 .text.USBD_ClrFeature
                0x08004ae0       0x26 Middlewares/ST/STM32_USB_Device_Library/Core/Src/usbd_ctlreq.o
 .text.USBD_StdDevReq
                0x08004b06       0x68 Middlewares/ST/STM32_USB_Device_Library/Core/Src/usbd_ctlreq.o
                0x08004b06                USBD_StdDevReq
 .text.USBD_StdItfReq
                0x08004b6e       0x60 Middlewares/ST/STM32_USB_Device_Library/Core/Src/usbd_ctlreq.o
                0x08004b6e                USBD_StdItfReq
 .text.USBD_StdEPReq
                0x08004bce      0x23c Middlewares/ST/STM32_USB_Device_Library/Core/Src/usbd_ctlreq.o
                0x08004bce                USBD_StdEPReq
 .text.USBD_GetString
                0x08004e0a       0x38 Middlewares/ST/STM32_USB_Device_Library/Core/Src/usbd_ctlreq.o
                0x08004e0a                USBD_GetString
 .text.USBD_CtlSendData
                0x08004e42       0x1a Middlewares/ST/STM32_USB_Device_Library/Core/Src/usbd_ioreq.o
                0x08004e42                USBD_CtlSendData
 .text.USBD_CtlContinueSendData
                0x08004e5c       0x10 Middlewares/ST/STM32_USB_Device_Library/Core/Src/usbd_ioreq.o
                0x08004e5c                USBD_CtlContinueSendData
 .text.USBD_CtlPrepareRx
                0x08004e6c       0x1e Middlewares/ST/STM32_USB_Device_Library/Core/Src/usbd_ioreq.o
                0x08004e6c                USBD_CtlPrepareRx
 .text.USBD_CtlContinueRx
                0x08004e8a       0x10 Middlewares/ST/STM32_USB_Device_Library/Core/Src/usbd_ioreq.o
                0x08004e8a                USBD_CtlContinueRx
 .text.USBD_CtlSendStatus
                0x08004e9a       0x16 Middlewares/ST/STM32_USB_Device_Library/Core/Src/usbd_ioreq.o
                0x08004e9a                USBD_CtlSendStatus
 .text.USBD_CtlReceiveStatus
                0x08004eb0       0x16 Middlewares/ST/STM32_USB_Device_Library/Core/Src/usbd_ioreq.o
                0x08004eb0                USBD_CtlReceiveStatus
 *fill*         0x08004ec6        0x2 
 .text.GUI_X_Config
                0x08004ec8       0x1c Src/GUIConf.o
                0x08004ec8                GUI_X_Config
 .text.GUI_X_Init
                0x08004ee4        0x2 Src/GUI_X.o
                0x08004ee4                GUI_X_Init
 *fill*         0x08004ee6        0x2 
 .text.LCD_X_Config
                0x08004ee8       0xb0 Src/LCDConf.o
                0x08004ee8                LCD_X_Config
 .text.LCD_X_DisplayDriver
                0x08004f98       0x18 Src/LCDConf.o
                0x08004f98                LCD_X_DisplayDriver
 .text.MLX90640_DumpEE
                0x08004fb0       0x12 Src/MLX90640_API.o
                0x08004fb0                MLX90640_DumpEE
 .text.MLX90640_GetFrameData
                0x08004fc2       0xc0 Src/MLX90640_API.o
                0x08004fc2                MLX90640_GetFrameData
 *fill*         0x08005082        0x6 
 .text.MLX90640_GetVdd
                0x08005088       0xd8 Src/MLX90640_API.o
                0x08005088                MLX90640_GetVdd
 .text.MLX90640_GetTa
                0x08005160      0x100 Src/MLX90640_API.o
                0x08005160                MLX90640_GetTa
 .text.MLX90640_CalculateTo
                0x08005260      0x6cc Src/MLX90640_API.o
                0x08005260                MLX90640_CalculateTo
 .text.ExtractVDDParameters
                0x0800592c       0x2a Src/MLX90640_API.o
                0x0800592c                ExtractVDDParameters
 *fill*         0x08005956        0x2 
 .text.ExtractPTATParameters
                0x08005958       0xac Src/MLX90640_API.o
                0x08005958                ExtractPTATParameters
 .text.ExtractGainParameters
                0x08005a04        0x8 Src/MLX90640_API.o
                0x08005a04                ExtractGainParameters
 .text.ExtractTgcParameters
                0x08005a0c       0x3c Src/MLX90640_API.o
                0x08005a0c                ExtractTgcParameters
 .text.ExtractResolutionParameters
                0x08005a48        0xe Src/MLX90640_API.o
                0x08005a48                ExtractResolutionParameters
 *fill*         0x08005a56        0x2 
 .text.ExtractKsTaParameters
                0x08005a58       0x40 Src/MLX90640_API.o
                0x08005a58                ExtractKsTaParameters
 .text.ExtractKsToParameters
                0x08005a98       0xf0 Src/MLX90640_API.o
                0x08005a98                ExtractKsToParameters
 .text.ExtractAlphaParameters
                0x08005b88      0x1f4 Src/MLX90640_API.o
                0x08005b88                ExtractAlphaParameters
 .text.ExtractOffsetParameters
                0x08005d7c      0x19e Src/MLX90640_API.o
                0x08005d7c                ExtractOffsetParameters
 *fill*         0x08005f1a        0x6 
 .text.ExtractKtaPixelParameters
                0x08005f20      0x140 Src/MLX90640_API.o
                0x08005f20                ExtractKtaPixelParameters
 .text.ExtractKvPixelParameters
                0x08006060      0x100 Src/MLX90640_API.o
                0x08006060                ExtractKvPixelParameters
 .text.ExtractCPParameters
                0x08006160      0x1f0 Src/MLX90640_API.o
                0x08006160                ExtractCPParameters
 .text.ExtractCILCParameters
                0x08006350       0xe4 Src/MLX90640_API.o
                0x08006350                ExtractCILCParameters
 .text.CheckAdjacentPixels
                0x08006434       0x2c Src/MLX90640_API.o
                0x08006434                CheckAdjacentPixels
 .text.ExtractDeviatingPixels
                0x08006460      0x158 Src/MLX90640_API.o
                0x08006460                ExtractDeviatingPixels
 .text.CheckEEPROMValid
                0x080065b8       0x12 Src/MLX90640_API.o
                0x080065b8                CheckEEPROMValid
 .text.MLX90640_ExtractParameters
                0x080065ca       0x86 Src/MLX90640_API.o
                0x080065ca                MLX90640_ExtractParameters
 .text.MLX90640_Init
                0x08006650       0x30 Src/MLX90640_API.o
                0x08006650                MLX90640_Init
 .text.MLX90640_I2CRead
                0x08006680       0x4c Src/MLX90640_I2C_Driver.o
                0x08006680                MLX90640_I2CRead
 .text.MLX90640_I2CWrite
                0x080066cc       0x50 Src/MLX90640_I2C_Driver.o
                0x080066cc                MLX90640_I2CWrite
 .text.Scale_Hue
                0x0800671c       0x5c Src/getcolor.o
                0x0800671c                Scale_Hue
 .text.HSV      0x08006778      0x238 Src/getcolor.o
                0x08006778                HSV
 .text.convertRGB
                0x080069b0      0x126 Src/getcolor.o
                0x080069b0                convertRGB
 .text.Change_me
                0x08006ad6       0x1a Src/getcolor.o
                0x08006ad6                Change_me
 .text.MX_GPIO_Init
                0x08006af0       0xc8 Src/main.o
 .text.HAL_SYSTICK_Callback
                0x08006bb8       0x10 Src/main.o
                0x08006bb8                HAL_SYSTICK_Callback
 .text.Color_Legend
                0x08006bc8       0x9c Src/main.o
                0x08006bc8                Color_Legend
 .text.ShowMaxTempPix
                0x08006c64       0xbc Src/main.o
                0x08006c64                ShowMaxTempPix
 .text._Error_Handler
                0x08006d20        0x2 Src/main.o
                0x08006d20                _Error_Handler
 *fill*         0x08006d22        0x2 
 .text.MX_I2C1_Init
                0x08006d24       0x68 Src/main.o
 .text.MX_I2C2_Init
                0x08006d8c       0x68 Src/main.o
 .text.SystemClock_Config
                0x08006df4       0xec Src/main.o
                0x08006df4                SystemClock_Config
 .text.main     0x08006ee0      0x17c Src/main.o
                0x08006ee0                main
 .text.HAL_MspInit
                0x0800705c       0x90 Src/stm32f7xx_hal_msp.o
                0x0800705c                HAL_MspInit
 .text.HAL_I2C_MspInit
                0x080070ec       0x90 Src/stm32f7xx_hal_msp.o
                0x080070ec                HAL_I2C_MspInit
 .text.NMI_Handler
                0x0800717c        0x2 Src/stm32f7xx_it.o
                0x0800717c                NMI_Handler
 .text.HardFault_Handler
                0x0800717e        0x2 Src/stm32f7xx_it.o
                0x0800717e                HardFault_Handler
 .text.MemManage_Handler
                0x08007180        0x2 Src/stm32f7xx_it.o
                0x08007180                MemManage_Handler
 .text.BusFault_Handler
                0x08007182        0x2 Src/stm32f7xx_it.o
                0x08007182                BusFault_Handler
 .text.UsageFault_Handler
                0x08007184        0x2 Src/stm32f7xx_it.o
                0x08007184                UsageFault_Handler
 .text.SVC_Handler
                0x08007186        0x2 Src/stm32f7xx_it.o
                0x08007186                SVC_Handler
 .text.DebugMon_Handler
                0x08007188        0x2 Src/stm32f7xx_it.o
                0x08007188                DebugMon_Handler
 .text.PendSV_Handler
                0x0800718a        0x2 Src/stm32f7xx_it.o
                0x0800718a                PendSV_Handler
 .text.SysTick_Handler
                0x0800718c        0xc Src/stm32f7xx_it.o
                0x0800718c                SysTick_Handler
 .text.OTG_FS_IRQHandler
                0x08007198       0x10 Src/stm32f7xx_it.o
                0x08007198                OTG_FS_IRQHandler
 .text.SystemInit
                0x080071a8       0x50 Src/system_stm32f7xx.o
                0x080071a8                SystemInit
 .text.MX_USB_DEVICE_Init
                0x080071f8       0x38 Src/usb_device.o
                0x080071f8                MX_USB_DEVICE_Init
 .text.CDC_DeInit_FS
                0x08007230        0x4 Src/usbd_cdc_if.o
 .text.CDC_Control_FS
                0x08007234        0x4 Src/usbd_cdc_if.o
 .text.CDC_Receive_FS
                0x08007238       0x1c Src/usbd_cdc_if.o
 .text.CDC_Init_FS
                0x08007254       0x28 Src/usbd_cdc_if.o
 .text.HAL_PCD_MspInit
                0x0800727c       0x70 Src/usbd_conf.o
                0x0800727c                HAL_PCD_MspInit
 .text.HAL_PCD_SetupStageCallback
                0x080072ec       0x10 Src/usbd_conf.o
                0x080072ec                HAL_PCD_SetupStageCallback
 .text.HAL_PCD_DataOutStageCallback
                0x080072fc       0x18 Src/usbd_conf.o
                0x080072fc                HAL_PCD_DataOutStageCallback
 .text.HAL_PCD_DataInStageCallback
                0x08007314       0x16 Src/usbd_conf.o
                0x08007314                HAL_PCD_DataInStageCallback
 .text.HAL_PCD_SOFCallback
                0x0800732a        0xc Src/usbd_conf.o
                0x0800732a                HAL_PCD_SOFCallback
 .text.HAL_PCD_ResetCallback
                0x08007336       0x20 Src/usbd_conf.o
                0x08007336                HAL_PCD_ResetCallback
 *fill*         0x08007356        0x2 
 .text.HAL_PCD_SuspendCallback
                0x08007358       0x30 Src/usbd_conf.o
                0x08007358                HAL_PCD_SuspendCallback
 .text.HAL_PCD_ResumeCallback
                0x08007388        0xc Src/usbd_conf.o
                0x08007388                HAL_PCD_ResumeCallback
 .text.HAL_PCD_ISOOUTIncompleteCallback
                0x08007394        0xc Src/usbd_conf.o
                0x08007394                HAL_PCD_ISOOUTIncompleteCallback
 .text.HAL_PCD_ISOINIncompleteCallback
                0x080073a0        0xc Src/usbd_conf.o
                0x080073a0                HAL_PCD_ISOINIncompleteCallback
 .text.HAL_PCD_ConnectCallback
                0x080073ac        0xc Src/usbd_conf.o
                0x080073ac                HAL_PCD_ConnectCallback
 .text.HAL_PCD_DisconnectCallback
                0x080073b8        0xc Src/usbd_conf.o
                0x080073b8                HAL_PCD_DisconnectCallback
 .text.USBD_LL_Init
                0x080073c4       0x74 Src/usbd_conf.o
                0x080073c4                USBD_LL_Init
 .text.USBD_LL_Start
                0x08007438       0x1c Src/usbd_conf.o
                0x08007438                USBD_LL_Start
 .text.USBD_LL_OpenEP
                0x08007454       0x22 Src/usbd_conf.o
                0x08007454                USBD_LL_OpenEP
 .text.USBD_LL_CloseEP
                0x08007476       0x1c Src/usbd_conf.o
                0x08007476                USBD_LL_CloseEP
 .text.USBD_LL_StallEP
                0x08007492       0x1c Src/usbd_conf.o
                0x08007492                USBD_LL_StallEP
 .text.USBD_LL_ClearStallEP
                0x080074ae       0x1c Src/usbd_conf.o
                0x080074ae                USBD_LL_ClearStallEP
 .text.USBD_LL_IsStallEP
                0x080074ca       0x2e Src/usbd_conf.o
                0x080074ca                USBD_LL_IsStallEP
 .text.USBD_LL_SetUSBAddress
                0x080074f8       0x1c Src/usbd_conf.o
                0x080074f8                USBD_LL_SetUSBAddress
 .text.USBD_LL_Transmit
                0x08007514       0x1c Src/usbd_conf.o
                0x08007514                USBD_LL_Transmit
 .text.USBD_LL_PrepareReceive
                0x08007530       0x1c Src/usbd_conf.o
                0x08007530                USBD_LL_PrepareReceive
 .text.USBD_LL_GetRxDataSize
                0x0800754c        0xc Src/usbd_conf.o
                0x0800754c                USBD_LL_GetRxDataSize
 .text.HAL_PCDEx_LPM_Callback
                0x08007558       0x64 Src/usbd_conf.o
                0x08007558                HAL_PCDEx_LPM_Callback
 .text.USBD_FS_DeviceDescriptor
                0x080075bc        0xc Src/usbd_desc.o
                0x080075bc                USBD_FS_DeviceDescriptor
 .text.USBD_FS_LangIDStrDescriptor
                0x080075c8        0xc Src/usbd_desc.o
                0x080075c8                USBD_FS_LangIDStrDescriptor
 .text.USBD_FS_USR_BOSDescriptor
                0x080075d4        0xc Src/usbd_desc.o
                0x080075d4                USBD_FS_USR_BOSDescriptor
 .text.USBD_FS_ProductStrDescriptor
                0x080075e0       0x24 Src/usbd_desc.o
                0x080075e0                USBD_FS_ProductStrDescriptor
 .text.USBD_FS_ManufacturerStrDescriptor
                0x08007604       0x1c Src/usbd_desc.o
                0x08007604                USBD_FS_ManufacturerStrDescriptor
 .text.USBD_FS_SerialStrDescriptor
                0x08007620       0x24 Src/usbd_desc.o
                0x08007620                USBD_FS_SerialStrDescriptor
 .text.USBD_FS_ConfigStrDescriptor
                0x08007644       0x24 Src/usbd_desc.o
                0x08007644                USBD_FS_ConfigStrDescriptor
 .text.USBD_FS_InterfaceStrDescriptor
                0x08007668       0x24 Src/usbd_desc.o
                0x08007668                USBD_FS_InterfaceStrDescriptor
 .text.Reset_Handler
                0x0800768c       0x50 startup/startup_stm32f746xx.o
                0x0800768c                Reset_Handler
 .text.Default_Handler
                0x080076dc        0x2 startup/startup_stm32f746xx.o
                0x080076dc                RTC_Alarm_IRQHandler
                0x080076dc                EXTI2_IRQHandler
                0x080076dc                TIM8_CC_IRQHandler
                0x080076dc                UART8_IRQHandler
                0x080076dc                SPI4_IRQHandler
                0x080076dc                TIM1_CC_IRQHandler
                0x080076dc                DMA2_Stream5_IRQHandler
                0x080076dc                DMA1_Stream5_IRQHandler
                0x080076dc                PVD_IRQHandler
                0x080076dc                TAMP_STAMP_IRQHandler
                0x080076dc                CAN2_RX1_IRQHandler
                0x080076dc                EXTI3_IRQHandler
                0x080076dc                TIM8_TRG_COM_TIM14_IRQHandler
                0x080076dc                TIM1_UP_TIM10_IRQHandler
                0x080076dc                TIM8_UP_TIM13_IRQHandler
                0x080076dc                I2C3_ER_IRQHandler
                0x080076dc                EXTI0_IRQHandler
                0x080076dc                I2C2_EV_IRQHandler
                0x080076dc                DMA1_Stream2_IRQHandler
                0x080076dc                CAN1_RX0_IRQHandler
                0x080076dc                FPU_IRQHandler
                0x080076dc                OTG_HS_WKUP_IRQHandler
                0x080076dc                LTDC_ER_IRQHandler
                0x080076dc                CAN2_SCE_IRQHandler
                0x080076dc                DMA2_Stream2_IRQHandler
                0x080076dc                SPI1_IRQHandler
                0x080076dc                TIM6_DAC_IRQHandler
                0x080076dc                TIM1_BRK_TIM9_IRQHandler
                0x080076dc                DCMI_IRQHandler
                0x080076dc                CAN2_RX0_IRQHandler
                0x080076dc                DMA2_Stream3_IRQHandler
                0x080076dc                SAI2_IRQHandler
                0x080076dc                USART6_IRQHandler
                0x080076dc                USART3_IRQHandler
                0x080076dc                CAN1_RX1_IRQHandler
                0x080076dc                UART5_IRQHandler
                0x080076dc                DMA2_Stream0_IRQHandler
                0x080076dc                TIM4_IRQHandler
                0x080076dc                QUADSPI_IRQHandler
                0x080076dc                I2C1_EV_IRQHandler
                0x080076dc                DMA1_Stream6_IRQHandler
                0x080076dc                DMA1_Stream1_IRQHandler
                0x080076dc                UART4_IRQHandler
                0x080076dc                TIM3_IRQHandler
                0x080076dc                RCC_IRQHandler
                0x080076dc                TIM8_BRK_TIM12_IRQHandler
                0x080076dc                Default_Handler
                0x080076dc                CEC_IRQHandler
                0x080076dc                EXTI15_10_IRQHandler
                0x080076dc                ADC_IRQHandler
                0x080076dc                DMA1_Stream7_IRQHandler
                0x080076dc                SPI5_IRQHandler
                0x080076dc                TIM7_IRQHandler
                0x080076dc                SDMMC1_IRQHandler
                0x080076dc                CAN2_TX_IRQHandler
                0x080076dc                TIM5_IRQHandler
                0x080076dc                DMA2_Stream7_IRQHandler
                0x080076dc                I2C3_EV_IRQHandler
                0x080076dc                EXTI9_5_IRQHandler
                0x080076dc                RTC_WKUP_IRQHandler
                0x080076dc                LTDC_IRQHandler
                0x080076dc                ETH_WKUP_IRQHandler
                0x080076dc                SPDIF_RX_IRQHandler
                0x080076dc                SPI2_IRQHandler
                0x080076dc                OTG_HS_EP1_IN_IRQHandler
                0x080076dc                DMA1_Stream0_IRQHandler
                0x080076dc                CAN1_TX_IRQHandler
                0x080076dc                EXTI4_IRQHandler
                0x080076dc                RNG_IRQHandler
                0x080076dc                ETH_IRQHandler
                0x080076dc                OTG_HS_EP1_OUT_IRQHandler
                0x080076dc                WWDG_IRQHandler
                0x080076dc                SPI6_IRQHandler
                0x080076dc                I2C4_EV_IRQHandler
                0x080076dc                TIM2_IRQHandler
                0x080076dc                OTG_FS_WKUP_IRQHandler
                0x080076dc                TIM1_TRG_COM_TIM11_IRQHandler
                0x080076dc                OTG_HS_IRQHandler
                0x080076dc                DMA2D_IRQHandler
                0x080076dc                EXTI1_IRQHandler
                0x080076dc                UART7_IRQHandler
                0x080076dc                USART2_IRQHandler
                0x080076dc                I2C2_ER_IRQHandler
                0x080076dc                DMA2_Stream1_IRQHandler
                0x080076dc                CAN1_SCE_IRQHandler
                0x080076dc                FLASH_IRQHandler
                0x080076dc                DMA2_Stream4_IRQHandler
                0x080076dc                USART1_IRQHandler
                0x080076dc                SPI3_IRQHandler
                0x080076dc                DMA1_Stream4_IRQHandler
                0x080076dc                I2C1_ER_IRQHandler
                0x080076dc                FMC_IRQHandler
                0x080076dc                LPTIM1_IRQHandler
                0x080076dc                I2C4_ER_IRQHandler
                0x080076dc                DMA2_Stream6_IRQHandler
                0x080076dc                SAI1_IRQHandler
                0x080076dc                DMA1_Stream3_IRQHandler
 *fill*         0x080076de        0x2 
 .text.WM_SetCreateFlags
                0x080076e0       0x10 D:\OPTO_PROJEKAT\Display STemWin\STemWinLib\Lib\libSTemWin532_CM7_GCC.a(WM_SetCreateFlags.o)
                0x080076e0                WM_SetCreateFlags
 .text._OnExit  0x080076f0       0x50 D:\OPTO_PROJEKAT\Display STemWin\STemWinLib\Lib\libSTemWin532_CM7_GCC.a(WM.o)
 .text._Findy1  0x08007740       0xac D:\OPTO_PROJEKAT\Display STemWin\STemWinLib\Lib\libSTemWin532_CM7_GCC.a(WM.o)
 .text._Findx0  0x080077ec       0x88 D:\OPTO_PROJEKAT\Display STemWin\STemWinLib\Lib\libSTemWin532_CM7_GCC.a(WM.o)
 .text._Findx1  0x08007874       0x76 D:\OPTO_PROJEKAT\Display STemWin\STemWinLib\Lib\libSTemWin532_CM7_GCC.a(WM.o)
 *fill*         0x080078ea        0x2 
 .text.WM__ClipAtParentBorders
                0x080078ec       0x5c D:\OPTO_PROJEKAT\Display STemWin\STemWinLib\Lib\libSTemWin532_CM7_GCC.a(WM.o)
                0x080078ec                WM__ClipAtParentBorders
 .text.WM__InsertWindowIntoList
                0x08007948       0xa4 D:\OPTO_PROJEKAT\Display STemWin\STemWinLib\Lib\libSTemWin532_CM7_GCC.a(WM.o)
                0x08007948                WM__InsertWindowIntoList
 .text.WM__Client2Screen
                0x080079ec       0x10 D:\OPTO_PROJEKAT\Display STemWin\STemWinLib\Lib\libSTemWin532_CM7_GCC.a(WM.o)
                0x080079ec                WM__Client2Screen
 .text._SetClipRectUserIntersect
                0x080079fc       0x50 D:\OPTO_PROJEKAT\Display STemWin\STemWinLib\Lib\libSTemWin532_CM7_GCC.a(WM.o)
 .text.WM__ActivateClipRect
                0x08007a4c       0x48 D:\OPTO_PROJEKAT\Display STemWin\STemWinLib\Lib\libSTemWin532_CM7_GCC.a(WM.o)
                0x08007a4c                WM__ActivateClipRect
 .text.WM__InvalidateDrawAndDescs
                0x08007a94       0x50 D:\OPTO_PROJEKAT\Display STemWin\STemWinLib\Lib\libSTemWin532_CM7_GCC.a(WM.o)
                0x08007a94                WM__InvalidateDrawAndDescs
 .text.WM__RectIsNZ
                0x08007ae4       0x22 D:\OPTO_PROJEKAT\Display STemWin\STemWinLib\Lib\libSTemWin532_CM7_GCC.a(WM.o)
                0x08007ae4                WM__RectIsNZ
 *fill*         0x08007b06        0x2 
 .text._Invalidate1Abs
                0x08007b08       0x88 D:\OPTO_PROJEKAT\Display STemWin\STemWinLib\Lib\libSTemWin532_CM7_GCC.a(WM.o)
 .text.WM__Invalidate1Abs
                0x08007b90        0x6 D:\OPTO_PROJEKAT\Display STemWin\STemWinLib\Lib\libSTemWin532_CM7_GCC.a(WM.o)
                0x08007b90                WM__Invalidate1Abs
 .text.WM_InvalidateWindowAndDescsEx
                0x08007b96       0x64 D:\OPTO_PROJEKAT\Display STemWin\STemWinLib\Lib\libSTemWin532_CM7_GCC.a(WM.o)
                0x08007b96                WM_InvalidateWindowAndDescsEx
 .text.WM__InvalidateRect
                0x08007bfa       0x78 D:\OPTO_PROJEKAT\Display STemWin\STemWinLib\Lib\libSTemWin532_CM7_GCC.a(WM.o)
                0x08007bfa                WM__InvalidateRect
 .text.WM__InvalidateRectEx
                0x08007c72        0x6 D:\OPTO_PROJEKAT\Display STemWin\STemWinLib\Lib\libSTemWin532_CM7_GCC.a(WM.o)
                0x08007c72                WM__InvalidateRectEx
 .text.WM__SendMsgNoData
                0x08007c78       0x16 D:\OPTO_PROJEKAT\Display STemWin\STemWinLib\Lib\libSTemWin532_CM7_GCC.a(WM.o)
                0x08007c78                WM__SendMsgNoData
 .text.WM__GetClientRectWin
                0x08007c8e       0x18 D:\OPTO_PROJEKAT\Display STemWin\STemWinLib\Lib\libSTemWin532_CM7_GCC.a(WM.o)
                0x08007c8e                WM__GetClientRectWin
 .text.WM_InvalidateRect
                0x08007ca6       0x78 D:\OPTO_PROJEKAT\Display STemWin\STemWinLib\Lib\libSTemWin532_CM7_GCC.a(WM.o)
                0x08007ca6                WM_InvalidateRect
 .text.WM_InvalidateWindow
                0x08007d1e        0x6 D:\OPTO_PROJEKAT\Display STemWin\STemWinLib\Lib\libSTemWin532_CM7_GCC.a(WM.o)
                0x08007d1e                WM_InvalidateWindow
 .text.WM__GetTopLevelLayer
                0x08007d24       0x28 D:\OPTO_PROJEKAT\Display STemWin\STemWinLib\Lib\libSTemWin532_CM7_GCC.a(WM.o)
                0x08007d24                WM__GetTopLevelLayer
 .text.WM__SelectTopLevelLayer
                0x08007d4c       0x14 D:\OPTO_PROJEKAT\Display STemWin\STemWinLib\Lib\libSTemWin532_CM7_GCC.a(WM.o)
                0x08007d4c                WM__SelectTopLevelLayer
 .text.WM_SelectWindow
                0x08007d60       0x40 D:\OPTO_PROJEKAT\Display STemWin\STemWinLib\Lib\libSTemWin532_CM7_GCC.a(WM.o)
                0x08007d60                WM_SelectWindow
 .text.WM_CreateWindowAsChild
                0x08007da0      0x154 D:\OPTO_PROJEKAT\Display STemWin\STemWinLib\Lib\libSTemWin532_CM7_GCC.a(WM.o)
                0x08007da0                WM_CreateWindowAsChild
 .text.WM__GetNextIVR
                0x08007ef4      0x184 D:\OPTO_PROJEKAT\Display STemWin\STemWinLib\Lib\libSTemWin532_CM7_GCC.a(WM.o)
                0x08007ef4                WM__GetNextIVR
 .text.WM__InitIVRSearch
                0x08008078       0xfc D:\OPTO_PROJEKAT\Display STemWin\STemWinLib\Lib\libSTemWin532_CM7_GCC.a(WM.o)
                0x08008078                WM__InitIVRSearch
 .text.WM_Activate
                0x08008174       0x10 D:\OPTO_PROJEKAT\Display STemWin\STemWinLib\Lib\libSTemWin532_CM7_GCC.a(WM.o)
                0x08008174                WM_Activate
 .text.WM_DefaultProc
                0x08008184       0x48 D:\OPTO_PROJEKAT\Display STemWin\STemWinLib\Lib\libSTemWin532_CM7_GCC.a(WM.o)
                0x08008184                WM_DefaultProc
 .text._cbBackWin
                0x080081cc       0x68 D:\OPTO_PROJEKAT\Display STemWin\STemWinLib\Lib\libSTemWin532_CM7_GCC.a(WM.o)
 .text.WM_Init  0x08008234       0xf4 D:\OPTO_PROJEKAT\Display STemWin\STemWinLib\Lib\libSTemWin532_CM7_GCC.a(WM.o)
                0x08008234                WM_Init
 .text.GUI_MEMDEV_GetDataPtr
                0x08008328       0x1e D:\OPTO_PROJEKAT\Display STemWin\STemWinLib\Lib\libSTemWin532_CM7_GCC.a(GUIDEV_GetDataPtr.o)
                0x08008328                GUI_MEMDEV_GetDataPtr
 .text.GUI_MEMDEV_GetBitsPerPixel
                0x08008346       0x2a D:\OPTO_PROJEKAT\Display STemWin\STemWinLib\Lib\libSTemWin532_CM7_GCC.a(GUIDEV.o)
                0x08008346                GUI_MEMDEV_GetBitsPerPixel
 .text.GUI_MEMDEV_Delete
                0x08008370       0x44 D:\OPTO_PROJEKAT\Display STemWin\STemWinLib\Lib\libSTemWin532_CM7_GCC.a(GUIDEV.o)
                0x08008370                GUI_MEMDEV_Delete
 .text._SetPhysRAMAddr
                0x080083b4       0xc0 D:\OPTO_PROJEKAT\Display STemWin\STemWinLib\Lib\libSTemWin532_CM7_GCC.a(GUIDRV_FlexColor_Func66720.o)
 .text._SetRect
                0x08008474      0x176 D:\OPTO_PROJEKAT\Display STemWin\STemWinLib\Lib\libSTemWin532_CM7_GCC.a(GUIDRV_FlexColor_Func66720.o)
 *fill*         0x080085ea        0x2 
 .text._SetOrientation
                0x080085ec       0x3c D:\OPTO_PROJEKAT\Display STemWin\STemWinLib\Lib\libSTemWin532_CM7_GCC.a(GUIDRV_FlexColor_Func66720.o)
 .text._ReadPixel_16bpp_B8
                0x08008628       0x38 D:\OPTO_PROJEKAT\Display STemWin\STemWinLib\Lib\libSTemWin532_CM7_GCC.a(GUIDRV_FlexColor_Func66720.o)
 .text._ReadPixel_16bpp_B16_I
                0x08008660       0x3e D:\OPTO_PROJEKAT\Display STemWin\STemWinLib\Lib\libSTemWin532_CM7_GCC.a(GUIDRV_FlexColor_Func66720.o)
 .text._SetReg_B8
                0x0800869e       0x18 D:\OPTO_PROJEKAT\Display STemWin\STemWinLib\Lib\libSTemWin532_CM7_GCC.a(GUIDRV_FlexColor_Func66720.o)
 .text._SetReg_B16
                0x080086b6        0xc D:\OPTO_PROJEKAT\Display STemWin\STemWinLib\Lib\libSTemWin532_CM7_GCC.a(GUIDRV_FlexColor_Func66720.o)
 .text._WritePara_B8
                0x080086c2        0xc D:\OPTO_PROJEKAT\Display STemWin\STemWinLib\Lib\libSTemWin532_CM7_GCC.a(GUIDRV_FlexColor_Func66720.o)
 .text._WritePara_B16
                0x080086ce        0xc D:\OPTO_PROJEKAT\Display STemWin\STemWinLib\Lib\libSTemWin532_CM7_GCC.a(GUIDRV_FlexColor_Func66720.o)
 *fill*         0x080086da        0x2 
 .text._SetInterface
                0x080086dc       0x34 D:\OPTO_PROJEKAT\Display STemWin\STemWinLib\Lib\libSTemWin532_CM7_GCC.a(GUIDRV_FlexColor_Func66720.o)
 .text._ReadRect_16bpp_B8
                0x08008710       0x60 D:\OPTO_PROJEKAT\Display STemWin\STemWinLib\Lib\libSTemWin532_CM7_GCC.a(GUIDRV_FlexColor_Func66720.o)
 .text._ReadRect_16bpp_B16_I
                0x08008770       0x62 D:\OPTO_PROJEKAT\Display STemWin\STemWinLib\Lib\libSTemWin532_CM7_GCC.a(GUIDRV_FlexColor_Func66720.o)
 *fill*         0x080087d2        0x2 
 .text.GUIDRV_FlexColor_SetFunc66720
                0x080087d4       0x74 D:\OPTO_PROJEKAT\Display STemWin\STemWinLib\Lib\libSTemWin532_CM7_GCC.a(GUIDRV_FlexColor_Func66720.o)
                0x080087d4                GUIDRV_FlexColor_SetFunc66720
 .text._ReadData
                0x08008848        0xa D:\OPTO_PROJEKAT\Display STemWin\STemWinLib\Lib\libSTemWin532_CM7_GCC.a(GUIDRV_FlexColor_16bpp_C0B16.o)
 .text._WriteData
                0x08008852        0xc D:\OPTO_PROJEKAT\Display STemWin\STemWinLib\Lib\libSTemWin532_CM7_GCC.a(GUIDRV_FlexColor_16bpp_C0B16.o)
 *fill*         0x0800885e        0x2 
 .text._FillRect
                0x08008860      0x100 D:\OPTO_PROJEKAT\Display STemWin\STemWinLib\Lib\libSTemWin532_CM7_GCC.a(GUIDRV_FlexColor_16bpp_C0B16.o)
 .text._DrawBitmap
                0x08008960      0x510 D:\OPTO_PROJEKAT\Display STemWin\STemWinLib\Lib\libSTemWin532_CM7_GCC.a(GUIDRV_FlexColor_16bpp_C0B16.o)
 .text.GUIDRV_FlexColor_SetMode16bppC0B16
                0x08008e70       0x68 D:\OPTO_PROJEKAT\Display STemWin\STemWinLib\Lib\libSTemWin532_CM7_GCC.a(GUIDRV_FlexColor_16bpp_C0B16.o)
                0x08008e70                GUIDRV_FlexColor_SetMode16bppC0B16
 .text._Log2PhysX_X0Y0S0
                0x08008ed8        0x4 D:\OPTO_PROJEKAT\Display STemWin\STemWinLib\Lib\libSTemWin532_CM7_GCC.a(GUIDRV_FlexColor.o)
 .text._Log2PhysX_X1Y0S0
                0x08008edc        0x8 D:\OPTO_PROJEKAT\Display STemWin\STemWinLib\Lib\libSTemWin532_CM7_GCC.a(GUIDRV_FlexColor.o)
 .text._Log2PhysX_X0Y1S0
                0x08008ee4        0x4 D:\OPTO_PROJEKAT\Display STemWin\STemWinLib\Lib\libSTemWin532_CM7_GCC.a(GUIDRV_FlexColor.o)
 .text._Log2PhysX_X1Y1S0
                0x08008ee8        0x8 D:\OPTO_PROJEKAT\Display STemWin\STemWinLib\Lib\libSTemWin532_CM7_GCC.a(GUIDRV_FlexColor.o)
 .text._Log2PhysX_X0Y0S1
                0x08008ef0        0x4 D:\OPTO_PROJEKAT\Display STemWin\STemWinLib\Lib\libSTemWin532_CM7_GCC.a(GUIDRV_FlexColor.o)
 .text._Log2PhysX_X1Y0S1
                0x08008ef4        0x8 D:\OPTO_PROJEKAT\Display STemWin\STemWinLib\Lib\libSTemWin532_CM7_GCC.a(GUIDRV_FlexColor.o)
 .text._Log2PhysX_X0Y1S1
                0x08008efc        0x4 D:\OPTO_PROJEKAT\Display STemWin\STemWinLib\Lib\libSTemWin532_CM7_GCC.a(GUIDRV_FlexColor.o)
 .text._Log2PhysX_X1Y1S1
                0x08008f00        0x8 D:\OPTO_PROJEKAT\Display STemWin\STemWinLib\Lib\libSTemWin532_CM7_GCC.a(GUIDRV_FlexColor.o)
 .text._Log2PhysY_X0Y0S0
                0x08008f08        0x4 D:\OPTO_PROJEKAT\Display STemWin\STemWinLib\Lib\libSTemWin532_CM7_GCC.a(GUIDRV_FlexColor.o)
 .text._Log2PhysY_X1Y0S0
                0x08008f0c        0x4 D:\OPTO_PROJEKAT\Display STemWin\STemWinLib\Lib\libSTemWin532_CM7_GCC.a(GUIDRV_FlexColor.o)
 .text._Log2PhysY_X0Y1S0
                0x08008f10        0x8 D:\OPTO_PROJEKAT\Display STemWin\STemWinLib\Lib\libSTemWin532_CM7_GCC.a(GUIDRV_FlexColor.o)
 .text._Log2PhysY_X1Y1S0
                0x08008f18        0x8 D:\OPTO_PROJEKAT\Display STemWin\STemWinLib\Lib\libSTemWin532_CM7_GCC.a(GUIDRV_FlexColor.o)
 .text._Log2PhysY_X0Y0S1
                0x08008f20        0x4 D:\OPTO_PROJEKAT\Display STemWin\STemWinLib\Lib\libSTemWin532_CM7_GCC.a(GUIDRV_FlexColor.o)
 .text._Log2PhysY_X1Y0S1
                0x08008f24        0x4 D:\OPTO_PROJEKAT\Display STemWin\STemWinLib\Lib\libSTemWin532_CM7_GCC.a(GUIDRV_FlexColor.o)
 .text._Log2PhysY_X0Y1S1
                0x08008f28        0x8 D:\OPTO_PROJEKAT\Display STemWin\STemWinLib\Lib\libSTemWin532_CM7_GCC.a(GUIDRV_FlexColor.o)
 .text._Log2PhysY_X1Y1S1
                0x08008f30        0x8 D:\OPTO_PROJEKAT\Display STemWin\STemWinLib\Lib\libSTemWin532_CM7_GCC.a(GUIDRV_FlexColor.o)
 .text._SetPixelIndex
                0x08008f38        0xc D:\OPTO_PROJEKAT\Display STemWin\STemWinLib\Lib\libSTemWin532_CM7_GCC.a(GUIDRV_FlexColor.o)
 .text._GetPixelIndex
                0x08008f44        0xc D:\OPTO_PROJEKAT\Display STemWin\STemWinLib\Lib\libSTemWin532_CM7_GCC.a(GUIDRV_FlexColor.o)
 .text._XorPixel
                0x08008f50       0x28 D:\OPTO_PROJEKAT\Display STemWin\STemWinLib\Lib\libSTemWin532_CM7_GCC.a(GUIDRV_FlexColor.o)
 .text._DrawHLine
                0x08008f78       0x10 D:\OPTO_PROJEKAT\Display STemWin\STemWinLib\Lib\libSTemWin532_CM7_GCC.a(GUIDRV_FlexColor.o)
 .text._DrawVLine
                0x08008f88       0x12 D:\OPTO_PROJEKAT\Display STemWin\STemWinLib\Lib\libSTemWin532_CM7_GCC.a(GUIDRV_FlexColor.o)
 .text._FillRect
                0x08008f9a       0x12 D:\OPTO_PROJEKAT\Display STemWin\STemWinLib\Lib\libSTemWin532_CM7_GCC.a(GUIDRV_FlexColor.o)
 .text._DrawBitmap
                0x08008fac       0x28 D:\OPTO_PROJEKAT\Display STemWin\STemWinLib\Lib\libSTemWin532_CM7_GCC.a(GUIDRV_FlexColor.o)
 .text._GetDevFunc_SetRect
                0x08008fd4        0x2 D:\OPTO_PROJEKAT\Display STemWin\STemWinLib\Lib\libSTemWin532_CM7_GCC.a(GUIDRV_FlexColor.o)
 *fill*         0x08008fd6        0x2 
 .text._GetDevFunc_SetRectOutside
                0x08008fd8       0x40 D:\OPTO_PROJEKAT\Display STemWin\STemWinLib\Lib\libSTemWin532_CM7_GCC.a(GUIDRV_FlexColor.o)
 .text._ReadPixelCust_16bpp
                0x08009018        0xe D:\OPTO_PROJEKAT\Display STemWin\STemWinLib\Lib\libSTemWin532_CM7_GCC.a(GUIDRV_FlexColor.o)
 .text._ReadPixelCust_18bpp
                0x08009026        0xe D:\OPTO_PROJEKAT\Display STemWin\STemWinLib\Lib\libSTemWin532_CM7_GCC.a(GUIDRV_FlexColor.o)
 .text._ReadRectCust_16bpp
                0x08009034       0x36 D:\OPTO_PROJEKAT\Display STemWin\STemWinLib\Lib\libSTemWin532_CM7_GCC.a(GUIDRV_FlexColor.o)
 .text._ReadRectCust_18bpp
                0x0800906a       0x36 D:\OPTO_PROJEKAT\Display STemWin\STemWinLib\Lib\libSTemWin532_CM7_GCC.a(GUIDRV_FlexColor.o)
 .text._GetDevFunc
                0x080090a0       0x6c D:\OPTO_PROJEKAT\Display STemWin\STemWinLib\Lib\libSTemWin532_CM7_GCC.a(GUIDRV_FlexColor.o)
 .text._GetDevProp
                0x0800910c       0x5a D:\OPTO_PROJEKAT\Display STemWin\STemWinLib\Lib\libSTemWin532_CM7_GCC.a(GUIDRV_FlexColor.o)
 .text._GetDevData
                0x08009166        0xc D:\OPTO_PROJEKAT\Display STemWin\STemWinLib\Lib\libSTemWin532_CM7_GCC.a(GUIDRV_FlexColor.o)
 .text._GetRect
                0x08009172       0x16 D:\OPTO_PROJEKAT\Display STemWin\STemWinLib\Lib\libSTemWin532_CM7_GCC.a(GUIDRV_FlexColor.o)
 .text.GUIDRV_FlexColor__SetLog2Phys
                0x08009188       0x48 D:\OPTO_PROJEKAT\Display STemWin\STemWinLib\Lib\libSTemWin532_CM7_GCC.a(GUIDRV_FlexColor.o)
                0x08009188                GUIDRV_FlexColor__SetLog2Phys
 .text._SetOrg  0x080091d0       0x16 D:\OPTO_PROJEKAT\Display STemWin\STemWinLib\Lib\libSTemWin532_CM7_GCC.a(GUIDRV_FlexColor.o)
 .text.GUIDRV_FlexColor__SetPixelIndexNoCache
                0x080091e6       0x90 D:\OPTO_PROJEKAT\Display STemWin\STemWinLib\Lib\libSTemWin532_CM7_GCC.a(GUIDRV_FlexColor.o)
                0x080091e6                GUIDRV_FlexColor__SetPixelIndexNoCache
 .text.GUIDRV_FlexColor__GetPixelIndexNoCache
                0x08009276       0xb2 D:\OPTO_PROJEKAT\Display STemWin\STemWinLib\Lib\libSTemWin532_CM7_GCC.a(GUIDRV_FlexColor.o)
                0x08009276                GUIDRV_FlexColor__GetPixelIndexNoCache
 .text.GUIDRV_FlexColor__InitOnce
                0x08009328       0x34 D:\OPTO_PROJEKAT\Display STemWin\STemWinLib\Lib\libSTemWin532_CM7_GCC.a(GUIDRV_FlexColor.o)
                0x08009328                GUIDRV_FlexColor__InitOnce
 .text._SetDevFunc
                0x0800935c       0x9c D:\OPTO_PROJEKAT\Display STemWin\STemWinLib\Lib\libSTemWin532_CM7_GCC.a(GUIDRV_FlexColor.o)
 .text._GetDevFunc_Init
                0x080093f8       0x4a D:\OPTO_PROJEKAT\Display STemWin\STemWinLib\Lib\libSTemWin532_CM7_GCC.a(GUIDRV_FlexColor.o)
 .text._GetDevFunc_SetSize
                0x08009442       0x14 D:\OPTO_PROJEKAT\Display STemWin\STemWinLib\Lib\libSTemWin532_CM7_GCC.a(GUIDRV_FlexColor.o)
 .text._GetDevFunc_SetVSize
                0x08009456       0x14 D:\OPTO_PROJEKAT\Display STemWin\STemWinLib\Lib\libSTemWin532_CM7_GCC.a(GUIDRV_FlexColor.o)
 .text.GUIDRV_FlexColor_Config
                0x0800946a       0x3c D:\OPTO_PROJEKAT\Display STemWin\STemWinLib\Lib\libSTemWin532_CM7_GCC.a(GUIDRV_FlexColor.o)
                0x0800946a                GUIDRV_FlexColor_Config
 .text.GUIDRV_FlexColor_SetFunc
                0x080094a6       0x32 D:\OPTO_PROJEKAT\Display STemWin\STemWinLib\Lib\libSTemWin532_CM7_GCC.a(GUIDRV_FlexColor.o)
                0x080094a6                GUIDRV_FlexColor_SetFunc
 .text.LCD_UpdateColorIndices
                0x080094d8       0x24 D:\OPTO_PROJEKAT\Display STemWin\STemWinLib\Lib\libSTemWin532_CM7_GCC.a(LCD_UpdateColorIndices.o)
                0x080094d8                LCD_UpdateColorIndices
 .text.LCD_SetClipRectEx
                0x080094fc       0x30 D:\OPTO_PROJEKAT\Display STemWin\STemWinLib\Lib\libSTemWin532_CM7_GCC.a(LCD_SetClipRectEx.o)
                0x080094fc                LCD_SetClipRectEx
 .text.LCD_SetVSizeEx
                0x0800952c       0x30 D:\OPTO_PROJEKAT\Display STemWin\STemWinLib\Lib\libSTemWin532_CM7_GCC.a(LCD_Set.o)
                0x0800952c                LCD_SetVSizeEx
 .text.LCD_SetSizeEx
                0x0800955c       0x30 D:\OPTO_PROJEKAT\Display STemWin\STemWinLib\Lib\libSTemWin532_CM7_GCC.a(LCD_Set.o)
                0x0800955c                LCD_SetSizeEx
 .text.LCD_SetLUTEntryEx
                0x0800958c       0x30 D:\OPTO_PROJEKAT\Display STemWin\STemWinLib\Lib\libSTemWin532_CM7_GCC.a(LCD_Set.o)
                0x0800958c                LCD_SetLUTEntryEx
 .text._GetDevProp
                0x080095bc       0x1e D:\OPTO_PROJEKAT\Display STemWin\STemWinLib\Lib\libSTemWin532_CM7_GCC.a(LCD_GetEx.o)
 .text._GetMaxValue
                0x080095da       0x22 D:\OPTO_PROJEKAT\Display STemWin\STemWinLib\Lib\libSTemWin532_CM7_GCC.a(LCD_GetEx.o)
 .text.LCD_GetXSizeEx
                0x080095fc        0x6 D:\OPTO_PROJEKAT\Display STemWin\STemWinLib\Lib\libSTemWin532_CM7_GCC.a(LCD_GetEx.o)
                0x080095fc                LCD_GetXSizeEx
 .text.LCD_GetYSizeEx
                0x08009602        0x6 D:\OPTO_PROJEKAT\Display STemWin\STemWinLib\Lib\libSTemWin532_CM7_GCC.a(LCD_GetEx.o)
                0x08009602                LCD_GetYSizeEx
 .text.LCD_GetBitsPerPixelEx
                0x08009608        0x6 D:\OPTO_PROJEKAT\Display STemWin\STemWinLib\Lib\libSTemWin532_CM7_GCC.a(LCD_GetEx.o)
                0x08009608                LCD_GetBitsPerPixelEx
 .text.LCD_GetNumColorsEx
                0x0800960e        0x6 D:\OPTO_PROJEKAT\Display STemWin\STemWinLib\Lib\libSTemWin532_CM7_GCC.a(LCD_GetEx.o)
                0x0800960e                LCD_GetNumColorsEx
 .text.LCD_GetNumColors
                0x08009614       0x10 D:\OPTO_PROJEKAT\Display STemWin\STemWinLib\Lib\libSTemWin532_CM7_GCC.a(LCD_GetEx.o)
                0x08009614                LCD_GetNumColors
 .text.GUI_GetBitsPerPixelEx
                0x08009624       0x18 D:\OPTO_PROJEKAT\Display STemWin\STemWinLib\Lib\libSTemWin532_CM7_GCC.a(LCD_GetEx.o)
                0x08009624                GUI_GetBitsPerPixelEx
 .text.LCD_GetPaletteEx
                0x0800963c       0x14 D:\OPTO_PROJEKAT\Display STemWin\STemWinLib\Lib\libSTemWin532_CM7_GCC.a(LCD_GetEx.o)
                0x0800963c                LCD_GetPaletteEx
 .text.LCD_GetPalette
                0x08009650       0x10 D:\OPTO_PROJEKAT\Display STemWin\STemWinLib\Lib\libSTemWin532_CM7_GCC.a(LCD_GetEx.o)
                0x08009650                LCD_GetPalette
 .text.GUI_GetpfIndex2ColorEx
                0x08009660       0x10 D:\OPTO_PROJEKAT\Display STemWin\STemWinLib\Lib\libSTemWin532_CM7_GCC.a(LCD_GetEx.o)
                0x08009660                GUI_GetpfIndex2ColorEx
 .text.GUI_GetpfColor2IndexEx
                0x08009670       0x10 D:\OPTO_PROJEKAT\Display STemWin\STemWinLib\Lib\libSTemWin532_CM7_GCC.a(LCD_GetEx.o)
                0x08009670                GUI_GetpfColor2IndexEx
 .text.LCD_GetXSizeMax
                0x08009680        0x6 D:\OPTO_PROJEKAT\Display STemWin\STemWinLib\Lib\libSTemWin532_CM7_GCC.a(LCD_GetEx.o)
                0x08009680                LCD_GetXSizeMax
 .text.LCD_GetYSizeMax
                0x08009686        0x6 D:\OPTO_PROJEKAT\Display STemWin\STemWinLib\Lib\libSTemWin532_CM7_GCC.a(LCD_GetEx.o)
                0x08009686                LCD_GetYSizeMax
 .text.LCD_SetDisplaySize
                0x0800968c       0x14 D:\OPTO_PROJEKAT\Display STemWin\STemWinLib\Lib\libSTemWin532_CM7_GCC.a(LCD_GetEx.o)
                0x0800968c                LCD_SetDisplaySize
 .text.LCD_GetXSizeDisplay
                0x080096a0        0xc D:\OPTO_PROJEKAT\Display STemWin\STemWinLib\Lib\libSTemWin532_CM7_GCC.a(LCD_GetEx.o)
                0x080096a0                LCD_GetXSizeDisplay
 .text.LCD_GetYSizeDisplay
                0x080096ac        0xc D:\OPTO_PROJEKAT\Display STemWin\STemWinLib\Lib\libSTemWin532_CM7_GCC.a(LCD_GetEx.o)
                0x080096ac                LCD_GetYSizeDisplay
 .text.LCD__GetBPP
                0x080096b8       0x7e D:\OPTO_PROJEKAT\Display STemWin\STemWinLib\Lib\libSTemWin532_CM7_GCC.a(LCD_GetEx.o)
                0x080096b8                LCD__GetBPP
 .text.LCD__GetBPPDevice
                0x08009736       0x2c D:\OPTO_PROJEKAT\Display STemWin\STemWinLib\Lib\libSTemWin532_CM7_GCC.a(LCD_GetEx.o)
                0x08009736                LCD__GetBPPDevice
 *fill*         0x08009762        0x2 
 .text._SetDrawMode
                0x08009764       0x28 D:\OPTO_PROJEKAT\Display STemWin\STemWinLib\Lib\libSTemWin532_CM7_GCC.a(LCD.o)
 .text.LCD_SetDrawMode
                0x0800978c       0x10 D:\OPTO_PROJEKAT\Display STemWin\STemWinLib\Lib\libSTemWin532_CM7_GCC.a(LCD.o)
                0x0800978c                LCD_SetDrawMode
 .text.LCD_DrawPixel
                0x0800979c       0x5c D:\OPTO_PROJEKAT\Display STemWin\STemWinLib\Lib\libSTemWin532_CM7_GCC.a(LCD.o)
                0x0800979c                LCD_DrawPixel
 .text.LCD_DrawHLine
                0x080097f8       0x4c D:\OPTO_PROJEKAT\Display STemWin\STemWinLib\Lib\libSTemWin532_CM7_GCC.a(LCD.o)
                0x080097f8                LCD_DrawHLine
 .text.LCD_FillRect
                0x08009844       0x58 D:\OPTO_PROJEKAT\Display STemWin\STemWinLib\Lib\libSTemWin532_CM7_GCC.a(LCD.o)
                0x08009844                LCD_FillRect
 .text.LCD__DrawBitmap_1bpp
                0x0800989c      0x1b8 D:\OPTO_PROJEKAT\Display STemWin\STemWinLib\Lib\libSTemWin532_CM7_GCC.a(LCD.o)
                0x0800989c                LCD__DrawBitmap_1bpp
 .text.LCD_DrawBitmap
                0x08009a54      0x218 D:\OPTO_PROJEKAT\Display STemWin\STemWinLib\Lib\libSTemWin532_CM7_GCC.a(LCD.o)
                0x08009a54                LCD_DrawBitmap
 .text.LCD_SetClipRectMax
                0x08009c6c       0x20 D:\OPTO_PROJEKAT\Display STemWin\STemWinLib\Lib\libSTemWin532_CM7_GCC.a(LCD.o)
                0x08009c6c                LCD_SetClipRectMax
 .text.emWin_LCD_Init
                0x08009c8c       0x92 D:\OPTO_PROJEKAT\Display STemWin\STemWinLib\Lib\libSTemWin532_CM7_GCC.a(LCD.o)
                0x08009c8c                emWin_LCD_Init
 *fill*         0x08009d1e        0x2 
 .text.LCD_Color2Index
                0x08009d20       0x20 D:\OPTO_PROJEKAT\Display STemWin\STemWinLib\Lib\libSTemWin532_CM7_GCC.a(LCD.o)
                0x08009d20                LCD_Color2Index
 .text.LCD_Index2Color
                0x08009d40       0x20 D:\OPTO_PROJEKAT\Display STemWin\STemWinLib\Lib\libSTemWin532_CM7_GCC.a(LCD.o)
                0x08009d40                LCD_Index2Color
 .text.LCD_SetColorIndex
                0x08009d60       0x18 D:\OPTO_PROJEKAT\Display STemWin\STemWinLib\Lib\libSTemWin532_CM7_GCC.a(LCD.o)
                0x08009d60                LCD_SetColorIndex
 .text._SetColor
                0x08009d78       0x20 D:\OPTO_PROJEKAT\Display STemWin\STemWinLib\Lib\libSTemWin532_CM7_GCC.a(LCD.o)
 .text.LCD_SetBkColorIndex
                0x08009d98       0x18 D:\OPTO_PROJEKAT\Display STemWin\STemWinLib\Lib\libSTemWin532_CM7_GCC.a(LCD.o)
                0x08009d98                LCD_SetBkColorIndex
 .text._SetBkColor
                0x08009db0       0x20 D:\OPTO_PROJEKAT\Display STemWin\STemWinLib\Lib\libSTemWin532_CM7_GCC.a(LCD.o)
 .text.LCD_SetBkColor
                0x08009dd0       0x10 D:\OPTO_PROJEKAT\Display STemWin\STemWinLib\Lib\libSTemWin532_CM7_GCC.a(LCD.o)
                0x08009dd0                LCD_SetBkColor
 .text.LCD_SetColor
                0x08009de0       0x10 D:\OPTO_PROJEKAT\Display STemWin\STemWinLib\Lib\libSTemWin532_CM7_GCC.a(LCD.o)
                0x08009de0                LCD_SetColor
 .text.GUI__memset16
                0x08009df0       0x5c D:\OPTO_PROJEKAT\Display STemWin\STemWinLib\Lib\libSTemWin532_CM7_GCC.a(GUI__memset16.o)
                0x08009df0                GUI__memset16
 .text.GUI__memset
                0x08009e4c       0x54 D:\OPTO_PROJEKAT\Display STemWin\STemWinLib\Lib\libSTemWin532_CM7_GCC.a(GUI__memset.o)
                0x08009e4c                GUI__memset
 .text.GUI__ManageCacheEx
                0x08009ea0       0xe8 D:\OPTO_PROJEKAT\Display STemWin\STemWinLib\Lib\libSTemWin532_CM7_GCC.a(GUI__ManageCache.o)
                0x08009ea0                GUI__ManageCacheEx
 .text.GUI__ManageCache
                0x08009f88       0x10 D:\OPTO_PROJEKAT\Display STemWin\STemWinLib\Lib\libSTemWin532_CM7_GCC.a(GUI__ManageCache.o)
                0x08009f88                GUI__ManageCache
 .text.GUI__IntersectRects
                0x08009f98       0x64 D:\OPTO_PROJEKAT\Display STemWin\STemWinLib\Lib\libSTemWin532_CM7_GCC.a(GUI__IntersectRects.o)
                0x08009f98                GUI__IntersectRects
 .text.GUI__IntersectRect
                0x08009ffc       0x3c D:\OPTO_PROJEKAT\Display STemWin\STemWinLib\Lib\libSTemWin532_CM7_GCC.a(GUI__IntersectRect.o)
                0x08009ffc                GUI__IntersectRect
 .text.GUI_SignalEvent
                0x0800a038       0x10 D:\OPTO_PROJEKAT\Display STemWin\STemWinLib\Lib\libSTemWin532_CM7_GCC.a(GUI_WaitEvent.o)
                0x0800a038                GUI_SignalEvent
 .text.GUI_TOUCH_Calibrate
                0x0800a048       0xbc D:\OPTO_PROJEKAT\Display STemWin\STemWinLib\Lib\libSTemWin532_CM7_GCC.a(GUI_TOUCH_DriverAnalog.o)
                0x0800a048                GUI_TOUCH_Calibrate
 .text.GUI_TOUCH_CalcCoefficients
                0x0800a104      0x498 D:\OPTO_PROJEKAT\Display STemWin\STemWinLib\Lib\libSTemWin532_CM7_GCC.a(GUI_TOUCH_Calibrate.o)
                0x0800a104                GUI_TOUCH_CalcCoefficients
 .text.GUI_SetFont
                0x0800a59c       0x14 D:\OPTO_PROJEKAT\Display STemWin\STemWinLib\Lib\libSTemWin532_CM7_GCC.a(GUI_SetFont.o)
                0x0800a59c                GUI_SetFont
 .text.GUI_SetBkColor
                0x0800a5b0        0x4 D:\OPTO_PROJEKAT\Display STemWin\STemWinLib\Lib\libSTemWin532_CM7_GCC.a(GUI_SetColor.o)
                0x0800a5b0                GUI_SetBkColor
 .text.GUI_SetColor
                0x0800a5b4        0x4 D:\OPTO_PROJEKAT\Display STemWin\STemWinLib\Lib\libSTemWin532_CM7_GCC.a(GUI_SetColor.o)
                0x0800a5b4                GUI_SetColor
 .text.GUI_SelectLayer
                0x0800a5b8       0x2c D:\OPTO_PROJEKAT\Display STemWin\STemWinLib\Lib\libSTemWin532_CM7_GCC.a(GUI_SelectLayer.o)
                0x0800a5b8                GUI_SelectLayer
 .text.GUI_SelectLCD
                0x0800a5e4       0x12 D:\OPTO_PROJEKAT\Display STemWin\STemWinLib\Lib\libSTemWin532_CM7_GCC.a(GUI_SelectLCD.o)
                0x0800a5e4                GUI_SelectLCD
 .text.GUI_RectsIntersect
                0x0800a5f6       0x3a D:\OPTO_PROJEKAT\Display STemWin\STemWinLib\Lib\libSTemWin532_CM7_GCC.a(GUI_RectsIntersect.o)
                0x0800a5f6                GUI_RectsIntersect
 .text.GUI_StoreKey
                0x0800a630       0x10 D:\OPTO_PROJEKAT\Display STemWin\STemWinLib\Lib\libSTemWin532_CM7_GCC.a(GUI_OnKey.o)
                0x0800a630                GUI_StoreKey
 .text.GUI_MoveRect
                0x0800a640       0x20 D:\OPTO_PROJEKAT\Display STemWin\STemWinLib\Lib\libSTemWin532_CM7_GCC.a(GUI_MoveRect.o)
                0x0800a640                GUI_MoveRect
 .text.GUI_MergeRect
                0x0800a660       0x56 D:\OPTO_PROJEKAT\Display STemWin\STemWinLib\Lib\libSTemWin532_CM7_GCC.a(GUI_MergeRect.o)
                0x0800a660                GUI_MergeRect
 *fill*         0x0800a6b6        0x2 
 .text.GUI_GotoXY
                0x0800a6b8       0x10 D:\OPTO_PROJEKAT\Display STemWin\STemWinLib\Lib\libSTemWin532_CM7_GCC.a(GUI_Goto.o)
                0x0800a6b8                GUI_GotoXY
 .text.GUI_DispStringAt
                0x0800a6c8       0x10 D:\OPTO_PROJEKAT\Display STemWin\STemWinLib\Lib\libSTemWin532_CM7_GCC.a(GUI_DispStringAt.o)
                0x0800a6c8                GUI_DispStringAt
 .text.GUI_DispString
                0x0800a6d8      0x108 D:\OPTO_PROJEKAT\Display STemWin\STemWinLib\Lib\libSTemWin532_CM7_GCC.a(GUI_DispString.o)
                0x0800a6d8                GUI_DispString
 .text.GUI_DEVICE__GetpDriver
                0x0800a7e0       0x20 D:\OPTO_PROJEKAT\Display STemWin\STemWinLib\Lib\libSTemWin532_CM7_GCC.a(GUI_Device.o)
                0x0800a7e0                GUI_DEVICE__GetpDriver
 .text.GUI_DEVICE_Delete
                0x0800a800        0x4 D:\OPTO_PROJEKAT\Display STemWin\STemWinLib\Lib\libSTemWin532_CM7_GCC.a(GUI_Device.o)
                0x0800a800                GUI_DEVICE_Delete
 .text.GUI_DEVICE_Create
                0x0800a804       0x4c D:\OPTO_PROJEKAT\Display STemWin\STemWinLib\Lib\libSTemWin532_CM7_GCC.a(GUI_Device.o)
                0x0800a804                GUI_DEVICE_Create
 .text.GUI_DEVICE_Unlink
                0x0800a850       0x2c D:\OPTO_PROJEKAT\Display STemWin\STemWinLib\Lib\libSTemWin532_CM7_GCC.a(GUI_Device.o)
                0x0800a850                GUI_DEVICE_Unlink
 .text.GUI_DEVICE_Link
                0x0800a87c       0x74 D:\OPTO_PROJEKAT\Display STemWin\STemWinLib\Lib\libSTemWin532_CM7_GCC.a(GUI_Device.o)
                0x0800a87c                GUI_DEVICE_Link
 .text.GUI_DEVICE_CreateAndLink
                0x0800a8f0       0x28 D:\OPTO_PROJEKAT\Display STemWin\STemWinLib\Lib\libSTemWin532_CM7_GCC.a(GUI_Device.o)
                0x0800a8f0                GUI_DEVICE_CreateAndLink
 .text._OnExit  0x0800a918       0x2c D:\OPTO_PROJEKAT\Display STemWin\STemWinLib\Lib\libSTemWin532_CM7_GCC.a(GUI_Core.o)
 .text._InitContext
                0x0800a944       0x80 D:\OPTO_PROJEKAT\Display STemWin\STemWinLib\Lib\libSTemWin532_CM7_GCC.a(GUI_Core.o)
 .text.GUI_SetDefaultFont
                0x0800a9c4        0xc D:\OPTO_PROJEKAT\Display STemWin\STemWinLib\Lib\libSTemWin532_CM7_GCC.a(GUI_Core.o)
                0x0800a9c4                GUI_SetDefaultFont
 .text.GUI_ClearRect
                0x0800a9d0       0x64 D:\OPTO_PROJEKAT\Display STemWin\STemWinLib\Lib\libSTemWin532_CM7_GCC.a(GUI_Core.o)
                0x0800a9d0                GUI_ClearRect
 .text.GUI_Clear
                0x0800aa34       0x20 D:\OPTO_PROJEKAT\Display STemWin\STemWinLib\Lib\libSTemWin532_CM7_GCC.a(GUI_Core.o)
                0x0800aa34                GUI_Clear
 .text.GUI__RegisterExit
                0x0800aa54       0x24 D:\OPTO_PROJEKAT\Display STemWin\STemWinLib\Lib\libSTemWin532_CM7_GCC.a(GUI_Core.o)
                0x0800aa54                GUI__RegisterExit
 .text.GUI__Config
                0x0800aa78       0x30 D:\OPTO_PROJEKAT\Display STemWin\STemWinLib\Lib\libSTemWin532_CM7_GCC.a(GUI_Core.o)
                0x0800aa78                GUI__Config
 .text.GUI_Init
                0x0800aaa8       0xa8 D:\OPTO_PROJEKAT\Display STemWin\STemWinLib\Lib\libSTemWin532_CM7_GCC.a(GUI_Core.o)
                0x0800aaa8                GUI_Init
 .text.GUIPROP__FindChar
                0x0800ab50       0x14 D:\OPTO_PROJEKAT\Display STemWin\STemWinLib\Lib\libSTemWin532_CM7_GCC.a(GUI_CharP.o)
                0x0800ab50                GUIPROP__FindChar
 .text.GUIPROP_DispChar
                0x0800ab64       0xec D:\OPTO_PROJEKAT\Display STemWin\STemWinLib\Lib\libSTemWin532_CM7_GCC.a(GUI_CharP.o)
                0x0800ab64                GUIPROP_DispChar
 .text.GUIPROP_GetCharDistX
                0x0800ac50       0x3c D:\OPTO_PROJEKAT\Display STemWin\STemWinLib\Lib\libSTemWin532_CM7_GCC.a(GUI_CharP.o)
                0x0800ac50                GUIPROP_GetCharDistX
 .text.GUIPROP_GetFontInfo
                0x0800ac8c        0x6 D:\OPTO_PROJEKAT\Display STemWin\STemWinLib\Lib\libSTemWin532_CM7_GCC.a(GUI_CharP.o)
                0x0800ac8c                GUIPROP_GetFontInfo
 .text.GUIPROP_IsInFont
                0x0800ac92       0x10 D:\OPTO_PROJEKAT\Display STemWin\STemWinLib\Lib\libSTemWin532_CM7_GCC.a(GUI_CharP.o)
                0x0800ac92                GUIPROP_IsInFont
 *fill*         0x0800aca2        0x2 
 .text.GUIMONO_DispChar
                0x0800aca4      0x150 D:\OPTO_PROJEKAT\Display STemWin\STemWinLib\Lib\libSTemWin532_CM7_GCC.a(GUI_CharM.o)
                0x0800aca4                GUIMONO_DispChar
 .text.GUIMONO_GetCharDistX
                0x0800adf4       0x18 D:\OPTO_PROJEKAT\Display STemWin\STemWinLib\Lib\libSTemWin532_CM7_GCC.a(GUI_CharM.o)
                0x0800adf4                GUIMONO_GetCharDistX
 .text.GUIMONO_GetFontInfo
                0x0800ae0c        0x6 D:\OPTO_PROJEKAT\Display STemWin\STemWinLib\Lib\libSTemWin532_CM7_GCC.a(GUI_CharM.o)
                0x0800ae0c                GUIMONO_GetFontInfo
 .text.GUIMONO_IsInFont
                0x0800ae12       0x36 D:\OPTO_PROJEKAT\Display STemWin\STemWinLib\Lib\libSTemWin532_CM7_GCC.a(GUI_CharM.o)
                0x0800ae12                GUIMONO_IsInFont
 .text._Log2VisBuffered
                0x0800ae48        0x2 D:\OPTO_PROJEKAT\Display STemWin\STemWinLib\Lib\libSTemWin532_CM7_GCC.a(GUI_CharLine.o)
 *fill*         0x0800ae4a        0x2 
 .text._DispLine
                0x0800ae4c       0x7c D:\OPTO_PROJEKAT\Display STemWin\STemWinLib\Lib\libSTemWin532_CM7_GCC.a(GUI_CharLine.o)
 .text.GUI__GetLineNumChars
                0x0800aec8       0x3c D:\OPTO_PROJEKAT\Display STemWin\STemWinLib\Lib\libSTemWin532_CM7_GCC.a(GUI_CharLine.o)
                0x0800aec8                GUI__GetLineNumChars
 .text.GUI__GetOverlap
                0x0800af04       0x1e D:\OPTO_PROJEKAT\Display STemWin\STemWinLib\Lib\libSTemWin532_CM7_GCC.a(GUI_CharLine.o)
                0x0800af04                GUI__GetOverlap
 *fill*         0x0800af22        0x2 
 .text.GUI__GetLineDistX
                0x0800af24       0x60 D:\OPTO_PROJEKAT\Display STemWin\STemWinLib\Lib\libSTemWin532_CM7_GCC.a(GUI_CharLine.o)
                0x0800af24                GUI__GetLineDistX
 .text.GUI__DispLine
                0x0800af84       0xa8 D:\OPTO_PROJEKAT\Display STemWin\STemWinLib\Lib\libSTemWin532_CM7_GCC.a(GUI_CharLine.o)
                0x0800af84                GUI__DispLine
 .text.GUI_GetYAdjust
                0x0800b02c       0x30 D:\OPTO_PROJEKAT\Display STemWin\STemWinLib\Lib\libSTemWin532_CM7_GCC.a(GUI_Char.o)
                0x0800b02c                GUI_GetYAdjust
 .text.GUI_GetFontDistY
                0x0800b05c       0x10 D:\OPTO_PROJEKAT\Display STemWin\STemWinLib\Lib\libSTemWin532_CM7_GCC.a(GUI_Char.o)
                0x0800b05c                GUI_GetFontDistY
 .text.GUI_GetCharDistX
                0x0800b06c       0x14 D:\OPTO_PROJEKAT\Display STemWin\STemWinLib\Lib\libSTemWin532_CM7_GCC.a(GUI_Char.o)
                0x0800b06c                GUI_GetCharDistX
 .text.GUI_GetCharDistXEx
                0x0800b080       0x14 D:\OPTO_PROJEKAT\Display STemWin\STemWinLib\Lib\libSTemWin532_CM7_GCC.a(GUI_Char.o)
                0x0800b080                GUI_GetCharDistXEx
 .text._PushFreeBlock
                0x0800b094       0x24 D:\OPTO_PROJEKAT\Display STemWin\STemWinLib\Lib\libSTemWin532_CM7_GCC.a(GUI_Alloc.o)
 .text._OnExit  0x0800b0b8       0x38 D:\OPTO_PROJEKAT\Display STemWin\STemWinLib\Lib\libSTemWin532_CM7_GCC.a(GUI_Alloc.o)
 .text._RemoveFreeBlock
                0x0800b0f0       0x40 D:\OPTO_PROJEKAT\Display STemWin\STemWinLib\Lib\libSTemWin532_CM7_GCC.a(GUI_Alloc.o)
 .text._AddFreeMemory
                0x0800b130       0xa0 D:\OPTO_PROJEKAT\Display STemWin\STemWinLib\Lib\libSTemWin532_CM7_GCC.a(GUI_Alloc.o)
 .text._RemoveHoles
                0x0800b1d0       0x9c D:\OPTO_PROJEKAT\Display STemWin\STemWinLib\Lib\libSTemWin532_CM7_GCC.a(GUI_Alloc.o)
 .text.GUI_ALLOC_FreeFixedBlock
                0x0800b26c       0x14 D:\OPTO_PROJEKAT\Display STemWin\STemWinLib\Lib\libSTemWin532_CM7_GCC.a(GUI_Alloc.o)
                0x0800b26c                GUI_ALLOC_FreeFixedBlock
 .text.GUI_ALLOC_h2p
                0x0800b280       0x14 D:\OPTO_PROJEKAT\Display STemWin\STemWinLib\Lib\libSTemWin532_CM7_GCC.a(GUI_Alloc.o)
                0x0800b280                GUI_ALLOC_h2p
 .text.GUI_ALLOC_LockH
                0x0800b294       0x1c D:\OPTO_PROJEKAT\Display STemWin\STemWinLib\Lib\libSTemWin532_CM7_GCC.a(GUI_Alloc.o)
                0x0800b294                GUI_ALLOC_LockH
 .text.GUI_ALLOC_UnlockH
                0x0800b2b0       0x30 D:\OPTO_PROJEKAT\Display STemWin\STemWinLib\Lib\libSTemWin532_CM7_GCC.a(GUI_Alloc.o)
                0x0800b2b0                GUI_ALLOC_UnlockH
 .text.GUI_ALLOC_AssignMemory
                0x0800b2e0       0x10 D:\OPTO_PROJEKAT\Display STemWin\STemWinLib\Lib\libSTemWin532_CM7_GCC.a(GUI_Alloc.o)
                0x0800b2e0                GUI_ALLOC_AssignMemory
 .text.GUI_ALLOC_Free
                0x0800b2f0       0x30 D:\OPTO_PROJEKAT\Display STemWin\STemWinLib\Lib\libSTemWin532_CM7_GCC.a(GUI_Alloc.o)
                0x0800b2f0                GUI_ALLOC_Free
 .text._EnlargeBlocks
                0x0800b320       0x98 D:\OPTO_PROJEKAT\Display STemWin\STemWinLib\Lib\libSTemWin532_CM7_GCC.a(GUI_Alloc.o)
 .text._InitOnce
                0x0800b3b8      0x174 D:\OPTO_PROJEKAT\Display STemWin\STemWinLib\Lib\libSTemWin532_CM7_GCC.a(GUI_Alloc.o)
 .text.GUI_ALLOC_GetFixedBlock
                0x0800b52c       0xa4 D:\OPTO_PROJEKAT\Display STemWin\STemWinLib\Lib\libSTemWin532_CM7_GCC.a(GUI_Alloc.o)
                0x0800b52c                GUI_ALLOC_GetFixedBlock
 .text._Alloc   0x0800b5d0       0xec D:\OPTO_PROJEKAT\Display STemWin\STemWinLib\Lib\libSTemWin532_CM7_GCC.a(GUI_Alloc.o)
 .text.GUI_ALLOC_AllocNoInit
                0x0800b6bc        0x8 D:\OPTO_PROJEKAT\Display STemWin\STemWinLib\Lib\libSTemWin532_CM7_GCC.a(GUI_Alloc.o)
                0x0800b6bc                GUI_ALLOC_AllocNoInit
 .text.GUI_ALLOC_AllocZero
                0x0800b6c4       0x2a D:\OPTO_PROJEKAT\Display STemWin\STemWinLib\Lib\libSTemWin532_CM7_GCC.a(GUI_ALLOC_AllocZero.o)
                0x0800b6c4                GUI_ALLOC_AllocZero
 *fill*         0x0800b6ee        0x2 
 .text.LCD_Index2Color_M565
                0x0800b6f0       0x28 D:\OPTO_PROJEKAT\Display STemWin\STemWinLib\Lib\libSTemWin532_CM7_GCC.a(GUICC_M565.o)
                0x0800b6f0                LCD_Index2Color_M565
 .text._Color2Index_M565
                0x0800b718       0x28 D:\OPTO_PROJEKAT\Display STemWin\STemWinLib\Lib\libSTemWin532_CM7_GCC.a(GUICC_M565.o)
 .text._GetIndexMask_M565
                0x0800b740        0x6 D:\OPTO_PROJEKAT\Display STemWin\STemWinLib\Lib\libSTemWin532_CM7_GCC.a(GUICC_M565.o)
 *fill*         0x0800b746        0x2 
 .text._Color2IndexBulk
                0x0800b748       0x4c D:\OPTO_PROJEKAT\Display STemWin\STemWinLib\Lib\libSTemWin532_CM7_GCC.a(GUICC_M565.o)
 .text._Index2ColorBulk
                0x0800b794       0x5c D:\OPTO_PROJEKAT\Display STemWin\STemWinLib\Lib\libSTemWin532_CM7_GCC.a(GUICC_M565.o)
 .text.WM__SendMessage
                0x0800b7f0       0x3c D:\OPTO_PROJEKAT\Display STemWin\STemWinLib\Lib\libSTemWin532_CM7_GCC.a(WM__SendMessage.o)
                0x0800b7f0                WM__SendMessage
 .text.WM_SendToParent
                0x0800b82c       0x1c D:\OPTO_PROJEKAT\Display STemWin\STemWinLib\Lib\libSTemWin532_CM7_GCC.a(WM_SendToParent.o)
                0x0800b82c                WM_SendToParent
 .text.WM_GetParent
                0x0800b848       0x10 D:\OPTO_PROJEKAT\Display STemWin\STemWinLib\Lib\libSTemWin532_CM7_GCC.a(WM_GetParent.o)
                0x0800b848                WM_GetParent
 .text.WM_GetFirstChild
                0x0800b858       0x10 D:\OPTO_PROJEKAT\Display STemWin\STemWinLib\Lib\libSTemWin532_CM7_GCC.a(WM_GetFirstChild.o)
                0x0800b858                WM_GetFirstChild
 .text.WM_GetDesktopWindow
                0x0800b868       0x18 D:\OPTO_PROJEKAT\Display STemWin\STemWinLib\Lib\libSTemWin532_CM7_GCC.a(WM_GetDesktopWindow.o)
                0x0800b868                WM_GetDesktopWindow
 .text.WM__GetClientRectEx
                0x0800b880       0x22 D:\OPTO_PROJEKAT\Display STemWin\STemWinLib\Lib\libSTemWin532_CM7_GCC.a(WM_GetClientRect.o)
                0x0800b880                WM__GetClientRectEx
 *fill*         0x0800b8a2        0x2 
 .text.WM__AddCriticalHandle
                0x0800b8a4       0x10 D:\OPTO_PROJEKAT\Display STemWin\STemWinLib\Lib\libSTemWin532_CM7_GCC.a(WM_CriticalHandle.o)